Archive member included to satisfy reference by file (symbol)

c:/program files (x86)/atmel/studio/7.0/toolchain/arm/arm-gnu-toolchain/bin/../lib/gcc/arm-none-eabi/6.3.1/thumb/v7e-m\libgcc.a(_arm_addsubdf3.o)
                              main.o (__aeabi_dadd)
c:/program files (x86)/atmel/studio/7.0/toolchain/arm/arm-gnu-toolchain/bin/../lib/gcc/arm-none-eabi/6.3.1/thumb/v7e-m\libgcc.a(_arm_muldivdf3.o)
                              main.o (__aeabi_dmul)
c:/program files (x86)/atmel/studio/7.0/toolchain/arm/arm-gnu-toolchain/bin/../lib/gcc/arm-none-eabi/6.3.1/thumb/v7e-m\libgcc.a(_arm_fixdfsi.o)
                              main.o (__aeabi_d2iz)
c:/program files (x86)/atmel/studio/7.0/toolchain/arm/arm-gnu-toolchain/bin/../lib/gcc/arm-none-eabi/6.3.1/../../../../arm-none-eabi/lib/thumb/v7e-m\libc_nano.a(lib_a-exit.o)
                              c:/program files (x86)/atmel/studio/7.0/toolchain/arm/arm-gnu-toolchain/bin/../lib/gcc/arm-none-eabi/6.3.1/../../../../arm-none-eabi/lib/thumb/v7e-m/crt0.o (exit)
c:/program files (x86)/atmel/studio/7.0/toolchain/arm/arm-gnu-toolchain/bin/../lib/gcc/arm-none-eabi/6.3.1/../../../../arm-none-eabi/lib/thumb/v7e-m\libc_nano.a(lib_a-impure.o)
                              c:/program files (x86)/atmel/studio/7.0/toolchain/arm/arm-gnu-toolchain/bin/../lib/gcc/arm-none-eabi/6.3.1/../../../../arm-none-eabi/lib/thumb/v7e-m\libc_nano.a(lib_a-exit.o) (_global_impure_ptr)
c:/program files (x86)/atmel/studio/7.0/toolchain/arm/arm-gnu-toolchain/bin/../lib/gcc/arm-none-eabi/6.3.1/../../../../arm-none-eabi/lib/thumb/v7e-m\libc_nano.a(lib_a-init.o)
                              c:/program files (x86)/atmel/studio/7.0/toolchain/arm/arm-gnu-toolchain/bin/../lib/gcc/arm-none-eabi/6.3.1/../../../../arm-none-eabi/lib/thumb/v7e-m/crt0.o (__libc_init_array)
c:/program files (x86)/atmel/studio/7.0/toolchain/arm/arm-gnu-toolchain/bin/../lib/gcc/arm-none-eabi/6.3.1/../../../../arm-none-eabi/lib/thumb/v7e-m\libc_nano.a(lib_a-memset.o)
                              c:/program files (x86)/atmel/studio/7.0/toolchain/arm/arm-gnu-toolchain/bin/../lib/gcc/arm-none-eabi/6.3.1/../../../../arm-none-eabi/lib/thumb/v7e-m/crt0.o (memset)
c:/program files (x86)/atmel/studio/7.0/toolchain/arm/arm-gnu-toolchain/bin/../lib/gcc/arm-none-eabi/6.3.1/../../../../arm-none-eabi/lib/thumb/v7e-m\libc_nano.a(lib_a-printf.o)
                              hal/utils/src/utils_syscalls.o (printf)
c:/program files (x86)/atmel/studio/7.0/toolchain/arm/arm-gnu-toolchain/bin/../lib/gcc/arm-none-eabi/6.3.1/../../../../arm-none-eabi/lib/thumb/v7e-m\libc_nano.a(lib_a-findfp.o)
                              c:/program files (x86)/atmel/studio/7.0/toolchain/arm/arm-gnu-toolchain/bin/../lib/gcc/arm-none-eabi/6.3.1/../../../../arm-none-eabi/lib/thumb/v7e-m\libc_nano.a(lib_a-printf.o) (__sinit)
c:/program files (x86)/atmel/studio/7.0/toolchain/arm/arm-gnu-toolchain/bin/../lib/gcc/arm-none-eabi/6.3.1/../../../../arm-none-eabi/lib/thumb/v7e-m\libc_nano.a(lib_a-fwalk.o)
                              c:/program files (x86)/atmel/studio/7.0/toolchain/arm/arm-gnu-toolchain/bin/../lib/gcc/arm-none-eabi/6.3.1/../../../../arm-none-eabi/lib/thumb/v7e-m\libc_nano.a(lib_a-findfp.o) (_fwalk)
c:/program files (x86)/atmel/studio/7.0/toolchain/arm/arm-gnu-toolchain/bin/../lib/gcc/arm-none-eabi/6.3.1/../../../../arm-none-eabi/lib/thumb/v7e-m\libc_nano.a(lib_a-nano-mallocr.o)
                              c:/program files (x86)/atmel/studio/7.0/toolchain/arm/arm-gnu-toolchain/bin/../lib/gcc/arm-none-eabi/6.3.1/../../../../arm-none-eabi/lib/thumb/v7e-m\libc_nano.a(lib_a-findfp.o) (_malloc_r)
c:/program files (x86)/atmel/studio/7.0/toolchain/arm/arm-gnu-toolchain/bin/../lib/gcc/arm-none-eabi/6.3.1/../../../../arm-none-eabi/lib/thumb/v7e-m\libc_nano.a(lib_a-nano-vfprintf.o)
                              c:/program files (x86)/atmel/studio/7.0/toolchain/arm/arm-gnu-toolchain/bin/../lib/gcc/arm-none-eabi/6.3.1/../../../../arm-none-eabi/lib/thumb/v7e-m\libc_nano.a(lib_a-printf.o) (_vfprintf_r)
c:/program files (x86)/atmel/studio/7.0/toolchain/arm/arm-gnu-toolchain/bin/../lib/gcc/arm-none-eabi/6.3.1/../../../../arm-none-eabi/lib/thumb/v7e-m\libc_nano.a(lib_a-nano-vfprintf_i.o)
                              c:/program files (x86)/atmel/studio/7.0/toolchain/arm/arm-gnu-toolchain/bin/../lib/gcc/arm-none-eabi/6.3.1/../../../../arm-none-eabi/lib/thumb/v7e-m\libc_nano.a(lib_a-nano-vfprintf.o) (_printf_i)
c:/program files (x86)/atmel/studio/7.0/toolchain/arm/arm-gnu-toolchain/bin/../lib/gcc/arm-none-eabi/6.3.1/../../../../arm-none-eabi/lib/thumb/v7e-m\libc_nano.a(lib_a-sbrkr.o)
                              c:/program files (x86)/atmel/studio/7.0/toolchain/arm/arm-gnu-toolchain/bin/../lib/gcc/arm-none-eabi/6.3.1/../../../../arm-none-eabi/lib/thumb/v7e-m\libc_nano.a(lib_a-nano-mallocr.o) (_sbrk_r)
[...]
Memory Configuration

Name             Origin             Length             Attributes
rom              0x00400000         0x00200000         xr
ram              0x20400000         0x00060000         xrw
*default*        0x00000000         0xffffffff

Linker script and memory map

LOAD c:/program files (x86)/atmel/studio/7.0/toolchain/arm/arm-gnu-toolchain/bin/../lib/gcc/arm-none-eabi/6.3.1/thumb/v7e-m/crti.o
LOAD c:/program files (x86)/atmel/studio/7.0/toolchain/arm/arm-gnu-toolchain/bin/../lib/gcc/arm-none-eabi/6.3.1/thumb/v7e-m/crtbegin.o
LOAD c:/program files (x86)/atmel/studio/7.0/toolchain/arm/arm-gnu-toolchain/bin/../lib/gcc/arm-none-eabi/6.3.1/../../../../arm-none-eabi/lib/thumb/v7e-m/crt0.o
LOAD atmel_start.o
LOAD Device_Startup/startup_same70q21b.o
LOAD Device_Startup/system_same70q21b.o
LOAD driver_init.o
LOAD examples/driver_examples.o
LOAD hal/src/hal_atomic.o
LOAD hal/src/hal_delay.o
LOAD hal/src/hal_gpio.o
LOAD hal/src/hal_init.o
LOAD hal/src/hal_io.o
LOAD hal/src/hal_sleep.o
LOAD hal/src/hal_spi_m_sync.o
LOAD hal/utils/src/utils_assert.o
LOAD hal/utils/src/utils_event.o
LOAD hal/utils/src/utils_list.o
LOAD hal/utils/src/utils_syscalls.o
LOAD hpl/core/hpl_core_m7_base.o
LOAD hpl/core/hpl_init.o
LOAD hpl/pmc/hpl_pmc.o
LOAD hpl/pmc/hpl_sleep.o
LOAD hpl/spi/hpl_spi.o
LOAD hpl/xdmac/hpl_xdmac.o
LOAD main.o
START GROUP
LOAD c:/program files (x86)/atmel/studio/7.0/toolchain/arm/arm-gnu-toolchain/bin/../lib/gcc/arm-none-eabi/6.3.1/../../../../arm-none-eabi/lib/thumb/v7e-m\libm.a
END GROUP
START GROUP
LOAD c:/program files (x86)/atmel/studio/7.0/toolchain/arm/arm-gnu-toolchain/bin/../lib/gcc/arm-none-eabi/6.3.1/thumb/v7e-m\libgcc.a
LOAD c:/program files (x86)/atmel/studio/7.0/toolchain/arm/arm-gnu-toolchain/bin/../lib/gcc/arm-none-eabi/6.3.1/../../../../arm-none-eabi/lib/thumb/v7e-m\libc_nano.a
END GROUP
START GROUP
LOAD c:/program files (x86)/atmel/studio/7.0/toolchain/arm/arm-gnu-toolchain/bin/../lib/gcc/arm-none-eabi/6.3.1/thumb/v7e-m\libgcc.a
LOAD c:/program files (x86)/atmel/studio/7.0/toolchain/arm/arm-gnu-toolchain/bin/../lib/gcc/arm-none-eabi/6.3.1/../../../../arm-none-eabi/lib/thumb/v7e-m\libc_nano.a
END GROUP
LOAD c:/program files (x86)/atmel/studio/7.0/toolchain/arm/arm-gnu-toolchain/bin/../lib/gcc/arm-none-eabi/6.3.1/thumb/v7e-m/crtend.o
LOAD c:/program files (x86)/atmel/studio/7.0/toolchain/arm/arm-gnu-toolchain/bin/../lib/gcc/arm-none-eabi/6.3.1/thumb/v7e-m/crtn.o
                0x00000400                STACK_SIZE = DEFINED (STACK_SIZE)?STACK_SIZE:DEFINED (__stack_size__)?__stack_size__:0x400
                0x00000200                HEAP_SIZE = DEFINED (HEAP_SIZE)?HEAP_SIZE:DEFINED (__heap_size__)?__heap_size__:0x200

.text           0x00400000     0x22f8
                0x00400000                . = ALIGN (0x4)
                0x00400000                _sfixed = .
 *(.vectors .vectors.*)
 .vectors       0x00400000      0x168 Device_Startup/startup_same70q21b.o
                0x00400000                exception_table
 *(.text .text.* .gnu.linkonce.t.*)
 .text          0x00400168       0x6c c:/program files (x86)/atmel/studio/7.0/toolchain/arm/arm-gnu-toolchain/bin/../lib/gcc/arm-none-eabi/6.3.1/thumb/v7e-m/crtbegin.o
 .text.atmel_start_init
                0x004001d4       0x10 atmel_start.o
                0x004001d4                atmel_start_init
 .text.Reset_Handler
                0x004001e4       0x84 Device_Startup/startup_same70q21b.o
                0x004001e4                Reset_Handler
 .text.Dummy_Handler
                0x00400268        0x6 Device_Startup/startup_same70q21b.o
                0x00400268                DACC_Handler
                0x00400268                SVCall_Handler
                0x00400268                UART3_Handler
                0x00400268                UART2_Handler
                0x00400268                TRNG_Handler
                0x00400268                HardFault_Handler
                0x00400268                TC2_Handler
                0x00400268                SysTick_Handler
                0x00400268                AFEC1_Handler
                0x00400268                PendSV_Handler
                0x00400268                TC7_Handler
                0x00400268                QSPI_Handler
                0x00400268                NonMaskableInt_Handler
                0x00400268                ISI_Handler
                0x00400268                MCAN0_INT0_Handler
                0x00400268                TC9_Handler
                0x00400268                RSWDT_Handler
                0x00400268                USART0_Handler
                0x00400268                RTT_Handler
                0x00400268                USBHS_Handler
                0x00400268                IXC_Handler
                0x00400268                CCF_Handler
                0x00400268                PIOB_Handler
                0x00400268                RTC_Handler
                0x00400268                UsageFault_Handler
                0x00400268                TC6_Handler
                0x00400268                WDT_Handler
                0x00400268                MCAN1_INT1_Handler
                0x00400268                TC4_Handler
                0x00400268                TC1_Handler
                0x00400268                HSMCI_Handler
                0x00400268                UART1_Handler
                0x00400268                TC3_Handler
                0x00400268                Dummy_Handler
                0x00400268                TWIHS1_Handler
                0x00400268                XDMAC_Handler
                0x00400268                UART4_Handler
                0x00400268                PWM1_Handler
                0x00400268                USART1_Handler
                0x00400268                PWM0_Handler
                0x00400268                PIOA_Handler
                0x00400268                AFEC0_Handler
                0x00400268                CCW_Handler
                0x00400268                TC11_Handler
                0x00400268                SSC_Handler
                0x00400268                ACC_Handler
                0x00400268                PMC_Handler
                0x00400268                GMAC_Handler
                0x00400268                MCAN0_INT1_Handler
                0x00400268                GMAC_Q5_Handler
                0x00400268                SUPC_Handler
                0x00400268                TC8_Handler
                0x00400268                MCAN1_INT0_Handler
                0x00400268                EFC_Handler
                0x00400268                GMAC_Q1_Handler
                0x00400268                USART2_Handler
                0x00400268                SDRAMC_Handler
                0x00400268                GMAC_Q2_Handler
                0x00400268                PIOE_Handler
                0x00400268                SPI1_Handler
                0x00400268                TC10_Handler
                0x00400268                GMAC_Q3_Handler
                0x00400268                PIOD_Handler
                0x00400268                TWIHS2_Handler
                0x00400268                I2SC0_Handler
                0x00400268                UART0_Handler
                0x00400268                I2SC1_Handler
                0x00400268                PIOC_Handler
                0x00400268                GMAC_Q4_Handler
                0x00400268                FPU_Handler
                0x00400268                BusFault_Handler
                0x00400268                RSTC_Handler
                0x00400268                TC0_Handler
                0x00400268                MemoryManagement_Handler
                0x00400268                DebugMonitor_Handler
                0x00400268                TC5_Handler
                0x00400268                AES_Handler
                0x00400268                ICM_Handler
                0x00400268                TWIHS0_Handler
                0x00400268                SPI0_Handler
 .text.hri_matrix_set_CCFG_SYSIO_reg
                0x0040026e       0x26 driver_init.o
 .text.hri_pio_set_PSR_reg
                0x00400294       0x1c driver_init.o
 .text.hri_pio_clear_PSR_reg
                0x004002b0       0x1c driver_init.o
 .text.hri_pio_set_OSR_reg
                0x004002cc       0x1c driver_init.o
 .text.hri_pio_clear_OSR_reg
                0x004002e8       0x1c driver_init.o
 .text.hri_pio_set_ODSR_reg
                0x00400304       0x1c driver_init.o
 .text.hri_pio_clear_ODSR_reg
                0x00400320       0x1c driver_init.o
 .text.hri_pio_set_ABCDSR_reg
                0x0040033c       0x32 driver_init.o
 .text.hri_pio_clear_ABCDSR_reg
                0x0040036e       0x34 driver_init.o
 .text.hri_pmc_set_PCSR0_reg
                0x004003a2       0x1c driver_init.o
 .text.hri_pmc_get_PCSR0_reg
                0x004003be       0x26 driver_init.o
 .text.hri_pmc_set_PCSR1_reg
                0x004003e4       0x1e driver_init.o
 .text.hri_pmc_get_PCSR1_reg
                0x00400402       0x28 driver_init.o
 .text.hri_pmc_write_PCR_reg
                0x0040042a       0x1e driver_init.o
 .text.hri_pmc_read_PCR_reg
                0x00400448       0x1a driver_init.o
 .text.hri_wdt_set_MR_WDDIS_bit
                0x00400462       0x20 driver_init.o
 *fill*         0x00400482        0x2 
 .text.port_to_reg
                0x00400484       0x24 driver_init.o
 .text._gpio_set_direction
                0x004004a8       0x64 driver_init.o
 .text._gpio_set_level
                0x0040050c       0x48 driver_init.o
 .text._gpio_set_pin_function
                0x00400554      0x108 driver_init.o
 .text.gpio_set_pin_function
                0x0040065c       0x20 driver_init.o
 .text.gpio_set_pin_direction
                0x0040067c       0x38 driver_init.o
 .text.gpio_set_pin_level
                0x004006b4       0x38 driver_init.o
 .text.init_mcu
                0x004006ec       0x10 driver_init.o
 .text._pmc_enable_periph_clock
                0x004006fc       0xb4 driver_init.o
 .text.SPI_0_PORT_init
                0x004007b0       0x24 driver_init.o
                0x004007b0                SPI_0_PORT_init
 .text.SPI_0_CLOCK_init
                0x004007d4       0x14 driver_init.o
                0x004007d4                SPI_0_CLOCK_init
 .text.SPI_0_init
                0x004007e8       0x44 driver_init.o
                0x004007e8                SPI_0_init
 .text.system_init
                0x0040082c       0x58 driver_init.o
                0x0040082c                system_init
 .text.atomic_enter_critical
                0x00400884       0x26 hal/src/hal_atomic.o
                0x00400884                atomic_enter_critical
 .text.atomic_leave_critical
                0x004008aa       0x24 hal/src/hal_atomic.o
                0x004008aa                atomic_leave_critical
 *fill*         0x004008ce        0x2 
 .text.delay_us
                0x004008d0       0x34 hal/src/hal_delay.o
                0x004008d0                delay_us
 .text.delay_ms
                0x00400904       0x34 hal/src/hal_delay.o
                0x00400904                delay_ms
 .text.io_write
                0x00400938       0x50 hal/src/hal_io.o
                0x00400938                io_write
 .text.spi_m_sync_set_func_ptr
                0x00400988       0x38 hal/src/hal_spi_m_sync.o
                0x00400988                spi_m_sync_set_func_ptr
 .text.spi_m_sync_init
                0x004009c0       0x80 hal/src/hal_spi_m_sync.o
                0x004009c0                spi_m_sync_init
 .text.spi_m_sync_enable
                0x00400a40       0x3c hal/src/hal_spi_m_sync.o
                0x00400a40                spi_m_sync_enable
 .text.spi_m_sync_set_baudrate
                0x00400a7c       0x44 hal/src/hal_spi_m_sync.o
                0x00400a7c                spi_m_sync_set_baudrate
 .text.spi_m_sync_set_mode
                0x00400ac0       0x48 hal/src/hal_spi_m_sync.o
                0x00400ac0                spi_m_sync_set_mode
 .text.spi_m_sync_set_char_size
                0x00400b08       0x48 hal/src/hal_spi_m_sync.o
                0x00400b08                spi_m_sync_set_char_size
 .text._spi_m_sync_io_read
                0x00400b50       0x58 hal/src/hal_spi_m_sync.o
 .text._spi_m_sync_io_write
                0x00400ba8       0x58 hal/src/hal_spi_m_sync.o
 .text.spi_m_sync_transfer
                0x00400c00       0x64 hal/src/hal_spi_m_sync.o
                0x00400c00                spi_m_sync_transfer
 .text.spi_m_sync_get_io_descriptor
                0x00400c64       0x48 hal/src/hal_spi_m_sync.o
                0x00400c64                spi_m_sync_get_io_descriptor
 .text.assert   0x00400cac       0x28 hal/utils/src/utils_assert.o
                0x00400cac                assert
 .text._get_cycles_for_us_internal
                0x00400cd4       0xfc hpl/core/hpl_core_m7_base.o
 .text._get_cycles_for_us
                0x00400dd0       0x28 hpl/core/hpl_core_m7_base.o
                0x00400dd0                _get_cycles_for_us
 .text._get_cycles_for_ms_internal
                0x00400df8       0xe8 hpl/core/hpl_core_m7_base.o
 .text._get_cycles_for_ms
                0x00400ee0       0x28 hpl/core/hpl_core_m7_base.o
                0x00400ee0                _get_cycles_for_ms
 .text._delay_cycles
                0x00400f08       0x1a hpl/core/hpl_core_m7_base.o
                0x00400f08                _delay_cycles
 .text.hri_efc_write_EEFC_FMR_FWS_bf
                0x00400f22       0x38 hpl/core/hpl_init.o
 *fill*         0x00400f5a        0x2 
 .text._fpu_enable
                0x00400f5c       0x44 hpl/core/hpl_init.o
 .text._init_chip
                0x00400fa0       0x28 hpl/core/hpl_init.o
                0x00400fa0                _init_chip
 .text.hri_pmc_get_SR_MOSCXTS_bit
                0x00400fc8       0x26 hpl/pmc/hpl_pmc.o
 .text.hri_pmc_get_SR_LOCKA_bit
                0x00400fee       0x26 hpl/pmc/hpl_pmc.o
 .text.hri_pmc_get_SR_MCKRDY_bit
                0x00401014       0x26 hpl/pmc/hpl_pmc.o
 .text.hri_pmc_set_CKGR_MOR_reg
                0x0040103a       0x22 hpl/pmc/hpl_pmc.o
 .text.hri_pmc_write_CKGR_MOR_reg
                0x0040105c       0x1c hpl/pmc/hpl_pmc.o
 .text.hri_pmc_read_CKGR_MOR_reg
                0x00401078       0x18 hpl/pmc/hpl_pmc.o
 .text.hri_pmc_write_CKGR_PLLAR_MULA_bf
                0x00401090       0x40 hpl/pmc/hpl_pmc.o
 .text.hri_pmc_write_CKGR_PLLAR_reg
                0x004010d0       0x1c hpl/pmc/hpl_pmc.o
 .text.hri_pmc_write_MCKR_CSS_bf
                0x004010ec       0x36 hpl/pmc/hpl_pmc.o
 .text.hri_pmc_write_MCKR_PRES_bf
                0x00401122       0x38 hpl/pmc/hpl_pmc.o
 .text.hri_pmc_write_MCKR_MDIV_bf
                0x0040115a       0x38 hpl/pmc/hpl_pmc.o
 *fill*         0x00401192        0x2 
 .text._pmc_init_sources
                0x00401194       0xa8 hpl/pmc/hpl_pmc.o
 .text._pmc_init_master_clock
                0x0040123c       0x70 hpl/pmc/hpl_pmc.o
 .text._pmc_init_program_clock
                0x004012ac        0xe hpl/pmc/hpl_pmc.o
 .text._pmc_init_fs_clock
                0x004012ba        0xe hpl/pmc/hpl_pmc.o
 .text._pmc_init
                0x004012c8       0x28 hpl/pmc/hpl_pmc.o
                0x004012c8                _pmc_init
 .text.hri_spi_read_RDR_RD_bf
                0x004012f0       0x1a hpl/spi/hpl_spi.o
 .text.hri_spi_get_SR_SPIENS_bit
                0x0040130a       0x26 hpl/spi/hpl_spi.o
 .text.hri_spi_get_SR_reg
                0x00401330       0x26 hpl/spi/hpl_spi.o
 .text.hri_spi_read_SR_reg
                0x00401356       0x18 hpl/spi/hpl_spi.o
 .text.hri_spi_write_MR_reg
                0x0040136e       0x1c hpl/spi/hpl_spi.o
 .text.hri_spi_write_CSR_BITS_bf
                0x0040138a       0x46 hpl/spi/hpl_spi.o
 .text.hri_spi_write_CSR_SCBR_bf
                0x004013d0       0x46 hpl/spi/hpl_spi.o
 .text.hri_spi_write_CSR_reg
                0x00401416       0x26 hpl/spi/hpl_spi.o
 .text.hri_spi_read_CSR_reg
                0x0040143c       0x22 hpl/spi/hpl_spi.o
 .text.hri_spi_write_CR_reg
                0x0040145e       0x1c hpl/spi/hpl_spi.o
 .text.hri_spi_write_TDR_reg
                0x0040147a       0x1c hpl/spi/hpl_spi.o
 *fill*         0x00401496        0x2 
 .text._spi_sync_enable
                0x00401498       0x20 hpl/spi/hpl_spi.o
 .text._spi_set_mode
                0x004014b8       0x78 hpl/spi/hpl_spi.o
 .text._spi_set_baudrate
                0x00401530       0x28 hpl/spi/hpl_spi.o
 .text._spi_set_char_size
                0x00401558       0x3c hpl/spi/hpl_spi.o
 .text._spi_get_hardware_index
                0x00401594       0x30 hpl/spi/hpl_spi.o
 .text._spi_get_regs
                0x004015c4       0x60 hpl/spi/hpl_spi.o
 .text._spi_m_sync_init
                0x00401624       0xe0 hpl/spi/hpl_spi.o
                0x00401624                _spi_m_sync_init
 .text._spi_m_sync_enable
                0x00401704       0x50 hpl/spi/hpl_spi.o
                0x00401704                _spi_m_sync_enable
 .text._spi_m_sync_set_mode
                0x00401754       0x58 hpl/spi/hpl_spi.o
                0x00401754                _spi_m_sync_set_mode
 .text._spi_m_sync_set_baudrate
                0x004017ac       0x54 hpl/spi/hpl_spi.o
                0x004017ac                _spi_m_sync_set_baudrate
 .text._spi_m_sync_set_char_size
                0x00401800       0x58 hpl/spi/hpl_spi.o
                0x00401800                _spi_m_sync_set_char_size
 .text._spi_wait_bus_idle
                0x00401858       0x28 hpl/spi/hpl_spi.o
 .text._spi_rx_check_and_receive
                0x00401880       0x74 hpl/spi/hpl_spi.o
 .text._spi_tx_check_and_send
                0x004018f4       0x84 hpl/spi/hpl_spi.o
 .text._spi_err_check
                0x00401978       0x44 hpl/spi/hpl_spi.o
 .text._spi_m_sync_trans
                0x004019bc       0xd4 hpl/spi/hpl_spi.o
                0x004019bc                _spi_m_sync_trans
 .text._spi_get_spi_m_sync
                0x00401a90       0x10 hpl/spi/hpl_spi.o
                0x00401a90                _spi_get_spi_m_sync
 .text.hri_matrix_set_CCFG_SYSIO_reg
                0x00401aa0       0x26 main.o
 .text.hri_pio_set_PSR_reg
                0x00401ac6       0x1c main.o
 .text.hri_pio_clear_PSR_reg
                0x00401ae2       0x1c main.o
 .text.hri_pio_set_OSR_reg
                0x00401afe       0x1c main.o
 .text.hri_pio_clear_OSR_reg
                0x00401b1a       0x1c main.o
 .text.hri_pio_set_ODSR_reg
                0x00401b36       0x1c main.o
 .text.hri_pio_get_ODSR_reg
                0x00401b52       0x26 main.o
 .text.hri_pio_clear_ODSR_reg
                0x00401b78       0x1c main.o
 .text.hri_pio_set_PUSR_reg
                0x00401b94       0x1c main.o
 .text.hri_pio_clear_PUSR_reg
                0x00401bb0       0x1c main.o
 .text.hri_pio_set_PPDSR_reg
                0x00401bcc       0x1e main.o
 .text.hri_pio_clear_PPDSR_reg
                0x00401bea       0x1e main.o
 .text.hri_pio_set_ABCDSR_reg
                0x00401c08       0x32 main.o
 .text.hri_pio_clear_ABCDSR_reg
                0x00401c3a       0x34 main.o
 *fill*         0x00401c6e        0x2 
 .text.port_to_reg
                0x00401c70       0x24 main.o
 .text._gpio_set_direction
                0x00401c94       0x64 main.o
 .text._gpio_set_level
                0x00401cf8       0x48 main.o
 .text._gpio_toggle_level
                0x00401d40       0x54 main.o
 .text._gpio_set_pin_pull_mode
                0x00401d94       0xc0 main.o
 .text._gpio_set_pin_function
                0x00401e54      0x108 main.o
 .text.gpio_set_pin_pull_mode
                0x00401f5c       0x34 main.o
 .text.gpio_set_pin_function
                0x00401f90       0x20 main.o
 .text.gpio_set_pin_direction
                0x00401fb0       0x38 main.o
 .text.gpio_set_pin_level
                0x00401fe8       0x38 main.o
 .text.gpio_toggle_pin_level
                0x00402020       0x30 main.o
 .text.main     0x00402050       0xd0 main.o
                0x00402050                main
 .text.tdc_setup
                0x00402120       0x88 main.o
                0x00402120                tdc_setup
 .text.tdc_write
                0x004021a8       0x48 main.o
                0x004021a8                tdc_write
 .text.__libc_init_array
                0x004021f0       0x48 c:/program files (x86)/atmel/studio/7.0/toolchain/arm/arm-gnu-toolchain/bin/../lib/gcc/arm-none-eabi/6.3.1/../../../../arm-none-eabi/lib/thumb/v7e-m\libc_nano.a(lib_a-init.o)
                0x004021f0                __libc_init_array
 *(.glue_7t)
 .glue_7t       0x00402238        0x0 linker stubs
 *(.glue_7)
 .glue_7        0x00402238        0x0 linker stubs
 *(.rodata .rodata* .gnu.linkonce.r.*)
 .rodata        0x00402238       0x1b driver_init.o
 *fill*         0x00402253        0x1 
 .rodata        0x00402254       0x14 hal/src/hal_io.o
 .rodata        0x00402268       0x1c hal/src/hal_spi_m_sync.o
 .rodata        0x00402284       0x29 hpl/spi/hpl_spi.o
 *fill*         0x004022ad        0x3 
 .rodata        0x004022b0       0x28 main.o
 *(.ARM.extab* .gnu.linkonce.armextab.*)
                0x004022d8                . = ALIGN (0x4)
 *(.init)
 .init          0x004022d8        0x4 c:/program files (x86)/atmel/studio/7.0/toolchain/arm/arm-gnu-toolchain/bin/../lib/gcc/arm-none-eabi/6.3.1/thumb/v7e-m/crti.o
                0x004022d8                _init
 .init          0x004022dc        0x8 c:/program files (x86)/atmel/studio/7.0/toolchain/arm/arm-gnu-toolchain/bin/../lib/gcc/arm-none-eabi/6.3.1/thumb/v7e-m/crtn.o
                0x004022e4                . = ALIGN (0x4)
                0x004022e4                __preinit_array_start = .
 *(.preinit_array)
                0x004022e4                __preinit_array_end = .
                0x004022e4                . = ALIGN (0x4)
                0x004022e4                __init_array_start = .
 *(SORT(.init_array.*))
 *(.init_array)
 .init_array    0x004022e4        0x4 c:/program files (x86)/atmel/studio/7.0/toolchain/arm/arm-gnu-toolchain/bin/../lib/gcc/arm-none-eabi/6.3.1/thumb/v7e-m/crtbegin.o
                0x004022e8                __init_array_end = .
                0x004022e8                . = ALIGN (0x4)
 *crtbegin.o(.ctors)
 *(EXCLUDE_FILE(*crtend.o) .ctors)
 *(SORT(.ctors.*))
 *crtend.o(.ctors)
                0x004022e8                . = ALIGN (0x4)
 *(.fini)
 .fini          0x004022e8        0x4 c:/program files (x86)/atmel/studio/7.0/toolchain/arm/arm-gnu-toolchain/bin/../lib/gcc/arm-none-eabi/6.3.1/thumb/v7e-m/crti.o
                0x004022e8                _fini
 .fini          0x004022ec        0x8 c:/program files (x86)/atmel/studio/7.0/toolchain/arm/arm-gnu-toolchain/bin/../lib/gcc/arm-none-eabi/6.3.1/thumb/v7e-m/crtn.o
                0x004022f4                . = ALIGN (0x4)
                0x004022f4                __fini_array_start = .
 *(.fini_array)
 .fini_array    0x004022f4        0x4 c:/program files (x86)/atmel/studio/7.0/toolchain/arm/arm-gnu-toolchain/bin/../lib/gcc/arm-none-eabi/6.3.1/thumb/v7e-m/crtbegin.o
 *(SORT(.fini_array.*))
                0x004022f8                __fini_array_end = .
 *crtbegin.o(.dtors)
 *(EXCLUDE_FILE(*crtend.o) .dtors)
 *(SORT(.dtors.*))
 *crtend.o(.dtors)
                0x004022f8                . = ALIGN (0x4)
                0x004022f8                _efixed = .
                [!provide]                PROVIDE (__exidx_start, .)

.vfp11_veneer   0x004022f8        0x0
 .vfp11_veneer  0x004022f8        0x0 linker stubs

.v4_bx          0x004022f8        0x0
 .v4_bx         0x004022f8        0x0 linker stubs

.iplt           0x004022f8        0x0
 .iplt          0x004022f8        0x0 c:/program files (x86)/atmel/studio/7.0/toolchain/arm/arm-gnu-toolchain/bin/../lib/gcc/arm-none-eabi/6.3.1/thumb/v7e-m/crtbegin.o

.eh_frame       0x004022f8        0x0
 .eh_frame      0x004022f8        0x0 c:/program files (x86)/atmel/studio/7.0/toolchain/arm/arm-gnu-toolchain/bin/../lib/gcc/arm-none-eabi/6.3.1/thumb/v7e-m/crtbegin.o

.rel.dyn        0x004022f8        0x0
 .rel.iplt      0x004022f8        0x0 c:/program files (x86)/atmel/studio/7.0/toolchain/arm/arm-gnu-toolchain/bin/../lib/gcc/arm-none-eabi/6.3.1/thumb/v7e-m/crtbegin.o

.jcr            0x004022f8        0x0
 .jcr           0x004022f8        0x0 c:/program files (x86)/atmel/studio/7.0/toolchain/arm/arm-gnu-toolchain/bin/../lib/gcc/arm-none-eabi/6.3.1/thumb/v7e-m/crtbegin.o

.igot.plt       0x004022f8        0x0
 .igot.plt      0x004022f8        0x0 c:/program files (x86)/atmel/studio/7.0/toolchain/arm/arm-gnu-toolchain/bin/../lib/gcc/arm-none-eabi/6.3.1/thumb/v7e-m/crtbegin.o

.ARM.exidx
 *(.ARM.exidx* .gnu.linkonce.armexidx.*)
                [!provide]                PROVIDE (__exidx_end, .)
                0x004022f8                . = ALIGN (0x4)
                0x004022f8                _etext = .

.relocate       0x20400000        0x0 load address 0x004022f8
                0x20400000                . = ALIGN (0x4)
                0x20400000                _srelocate = .
 *(.ramfunc .ramfunc.*)
 *(.data .data.*)
                0x20400000                . = ALIGN (0x4)
                0x20400000                _erelocate = .

.bss            0x20400000       0x38
                0x20400000                . = ALIGN (0x4)
                0x20400000                _sbss = .
                0x20400000                _szero = .
 *(.bss .bss.*)
 .bss           0x20400000       0x1c c:/program files (x86)/atmel/studio/7.0/toolchain/arm/arm-gnu-toolchain/bin/../lib/gcc/arm-none-eabi/6.3.1/thumb/v7e-m/crtbegin.o
 .bss           0x2040001c        0x4 hal/src/hal_delay.o
 *(COMMON)
 COMMON         0x20400020       0x18 driver_init.o
                0x20400020                SPI_0
                0x20400038                . = ALIGN (0x4)
                0x20400038                _ebss = .
                0x20400038                _ezero = .

.heap           0x20400038      0x200
                0x20400038                . = ALIGN (0x8)
                0x20400038                _sheap = .
                0x20400238                . = (. + HEAP_SIZE)
 *fill*         0x20400038      0x200 
                0x20400238                . = ALIGN (0x8)
                0x20400238                _eheap = .

.stack          0x20400238      0x400
                0x20400238                . = ALIGN (0x8)
                0x20400238                _sstack = .
                0x20400638                . = (. + STACK_SIZE)
 *fill*         0x20400238      0x400 
                0x20400638                . = ALIGN (0x8)
                0x20400638                _estack = .
                0x20400638                . = ALIGN (0x4)
                0x20400638                _end = .
                0x2045ffff                _ram_end_ = ((ORIGIN (ram) + LENGTH (ram)) - 0x1)
OUTPUT(SPI_Test.elf elf32-littlearm)

.ARM.attributes
                0x00000000       0x2e
 .ARM.attributes
                0x00000000       0x1e c:/program files (x86)/atmel/studio/7.0/toolchain/arm/arm-gnu-toolchain/bin/../lib/gcc/arm-none-eabi/6.3.1/thumb/v7e-m/crti.o
 .ARM.attributes
                0x0000001e       0x2e c:/program files (x86)/atmel/studio/7.0/toolchain/arm/arm-gnu-toolchain/bin/../lib/gcc/arm-none-eabi/6.3.1/thumb/v7e-m/crtbegin.o
 .ARM.attributes
                0x0000004c       0x37 atmel_start.o
 .ARM.attributes
                0x00000083       0x37 Device_Startup/startup_same70q21b.o
 .ARM.attributes
                0x000000ba       0x37 driver_init.o
 .ARM.attributes
                0x000000f1       0x37 hal/src/hal_atomic.o
 .ARM.attributes
                0x00000128       0x37 hal/src/hal_delay.o
 .ARM.attributes
                0x0000015f       0x37 hal/src/hal_io.o
 .ARM.attributes
                0x00000196       0x37 hal/src/hal_spi_m_sync.o
 .ARM.attributes
                0x000001cd       0x37 hal/utils/src/utils_assert.o
 .ARM.attributes
                0x00000204       0x37 hpl/core/hpl_core_m7_base.o
 .ARM.attributes
                0x0000023b       0x37 hpl/core/hpl_init.o
 .ARM.attributes
                0x00000272       0x37 hpl/pmc/hpl_pmc.o
 .ARM.attributes
                0x000002a9       0x37 hpl/spi/hpl_spi.o
 .ARM.attributes
                0x000002e0       0x37 main.o
 .ARM.attributes
                0x00000317       0x2e c:/program files (x86)/atmel/studio/7.0/toolchain/arm/arm-gnu-toolchain/bin/../lib/gcc/arm-none-eabi/6.3.1/../../../../arm-none-eabi/lib/thumb/v7e-m\libc_nano.a(lib_a-init.o)
 .ARM.attributes
                0x00000345       0x1e c:/program files (x86)/atmel/studio/7.0/toolchain/arm/arm-gnu-toolchain/bin/../lib/gcc/arm-none-eabi/6.3.1/thumb/v7e-m/crtn.o

.comment        0x00000000       0x59
 .comment       0x00000000       0x59 atmel_start.o
                                 0x5a (size before relaxing)
 .comment       0x00000059       0x5a Device_Startup/startup_same70q21b.o
 .comment       0x00000059       0x5a driver_init.o
 .comment       0x00000059       0x5a hal/src/hal_atomic.o
 .comment       0x00000059       0x5a hal/src/hal_delay.o
 .comment       0x00000059       0x5a hal/src/hal_io.o
 .comment       0x00000059       0x5a hal/src/hal_spi_m_sync.o
 .comment       0x00000059       0x5a hal/utils/src/utils_assert.o
 .comment       0x00000059       0x5a hpl/core/hpl_core_m7_base.o
 .comment       0x00000059       0x5a hpl/core/hpl_init.o
 .comment       0x00000059       0x5a hpl/pmc/hpl_pmc.o
 .comment       0x00000059       0x5a hpl/spi/hpl_spi.o
 .comment       0x00000059       0x5a main.o

.debug_info     0x00000000     0x8b15
 .debug_info    0x00000000      0x241 atmel_start.o
 .debug_info    0x00000241      0xb22 Device_Startup/startup_same70q21b.o
 .debug_info    0x00000d63     0x1677 driver_init.o
 .debug_info    0x000023da      0x1f4 hal/src/hal_atomic.o
 .debug_info    0x000025ce      0x1e0 hal/src/hal_delay.o
 .debug_info    0x000027ae      0x25b hal/src/hal_io.o
 .debug_info    0x00002a09      0x7eb hal/src/hal_spi_m_sync.o
 .debug_info    0x000031f4      0x111 hal/utils/src/utils_assert.o
 .debug_info    0x00003305      0xd6b hpl/core/hpl_core_m7_base.o
 .debug_info    0x00004070      0x682 hpl/core/hpl_init.o
 .debug_info    0x000046f2      0x807 hpl/pmc/hpl_pmc.o
 .debug_info    0x00004ef9     0x24de hpl/spi/hpl_spi.o
 .debug_info    0x000073d7     0x173e main.o

.debug_abbrev   0x00000000     0x1492
 .debug_abbrev  0x00000000       0xfb atmel_start.o
 .debug_abbrev  0x000000fb      0x153 Device_Startup/startup_same70q21b.o
 .debug_abbrev  0x0000024e      0x26e driver_init.o
 .debug_abbrev  0x000004bc      0x146 hal/src/hal_atomic.o
 .debug_abbrev  0x00000602       0xd1 hal/src/hal_delay.o
 .debug_abbrev  0x000006d3      0x105 hal/src/hal_io.o
 .debug_abbrev  0x000007d8      0x190 hal/src/hal_spi_m_sync.o
 .debug_abbrev  0x00000968       0x8d hal/utils/src/utils_assert.o
 .debug_abbrev  0x000009f5      0x25b hpl/core/hpl_core_m7_base.o
 .debug_abbrev  0x00000c50      0x1a6 hpl/core/hpl_init.o
 .debug_abbrev  0x00000df6      0x17d hpl/pmc/hpl_pmc.o
 .debug_abbrev  0x00000f73      0x2ab hpl/spi/hpl_spi.o
 .debug_abbrev  0x0000121e      0x274 main.o

.debug_loc      0x00000000     0x4912
 .debug_loc     0x00000000       0x2c atmel_start.o
 .debug_loc     0x0000002c       0x64 Device_Startup/startup_same70q21b.o
 .debug_loc     0x00000090      0x928 driver_init.o
 .debug_loc     0x000009b8       0xfc hal/src/hal_atomic.o
 .debug_loc     0x00000ab4      0x134 hal/src/hal_delay.o
 .debug_loc     0x00000be8       0xe4 hal/src/hal_io.o
 .debug_loc     0x00000ccc      0x454 hal/src/hal_spi_m_sync.o
 .debug_loc     0x00001120       0x5c hal/utils/src/utils_assert.o
 .debug_loc     0x0000117c      0x678 hpl/core/hpl_core_m7_base.o
 .debug_loc     0x000017f4       0xd8 hpl/core/hpl_init.o
 .debug_loc     0x000018cc      0x524 hpl/pmc/hpl_pmc.o
 .debug_loc     0x00001df0     0x2028 hpl/spi/hpl_spi.o
 .debug_loc     0x00003e18      0xafa main.o

.debug_aranges  0x00000000      0x860
 .debug_aranges
                0x00000000       0x20 atmel_start.o
 .debug_aranges
                0x00000020       0x28 Device_Startup/startup_same70q21b.o
 .debug_aranges
                0x00000048      0x100 driver_init.o
 .debug_aranges
                0x00000148       0x30 hal/src/hal_atomic.o
 .debug_aranges
                0x00000178       0x38 hal/src/hal_delay.o
 .debug_aranges
                0x000001b0       0x30 hal/src/hal_io.o
 .debug_aranges
                0x000001e0       0x88 hal/src/hal_spi_m_sync.o
 .debug_aranges
                0x00000268       0x20 hal/utils/src/utils_assert.o
 .debug_aranges
                0x00000288       0xc0 hpl/core/hpl_core_m7_base.o
 .debug_aranges
                0x00000348       0x30 hpl/core/hpl_init.o
 .debug_aranges
                0x00000378       0x98 hpl/pmc/hpl_pmc.o
 .debug_aranges
                0x00000410      0x330 hpl/spi/hpl_spi.o
 .debug_aranges
                0x00000740      0x120 main.o

.debug_ranges   0x00000000      0x790
 .debug_ranges  0x00000000       0x10 atmel_start.o
 .debug_ranges  0x00000010       0x18 Device_Startup/startup_same70q21b.o
 .debug_ranges  0x00000028       0xf0 driver_init.o
 .debug_ranges  0x00000118       0x20 hal/src/hal_atomic.o
 .debug_ranges  0x00000138       0x28 hal/src/hal_delay.o
 .debug_ranges  0x00000160       0x20 hal/src/hal_io.o
 .debug_ranges  0x00000180       0x78 hal/src/hal_spi_m_sync.o
 .debug_ranges  0x000001f8       0x10 hal/utils/src/utils_assert.o
 .debug_ranges  0x00000208       0xb0 hpl/core/hpl_core_m7_base.o
 .debug_ranges  0x000002b8       0x20 hpl/core/hpl_init.o
 .debug_ranges  0x000002d8       0x88 hpl/pmc/hpl_pmc.o
 .debug_ranges  0x00000360      0x320 hpl/spi/hpl_spi.o
 .debug_ranges  0x00000680      0x110 main.o

.debug_macro    0x00000000    0x3733e
 .debug_macro   0x00000000      0x70a atmel_start.o
 .debug_macro   0x0000070a      0x8b0 atmel_start.o
 .debug_macro   0x00000fba      0x16d atmel_start.o
 .debug_macro   0x00001127       0x22 atmel_start.o
 .debug_macro   0x00001149       0x87 atmel_start.o
 .debug_macro   0x000011d0       0x51 atmel_start.o
 .debug_macro   0x00001221       0xef atmel_start.o
 .debug_macro   0x00001310       0x6a atmel_start.o
 .debug_macro   0x0000137a      0x1df atmel_start.o
 .debug_macro   0x00001559       0x22 atmel_start.o
 .debug_macro   0x0000157b       0x9f atmel_start.o
 .debug_macro   0x0000161a       0x28 atmel_start.o
 .debug_macro   0x00001642       0xaf atmel_start.o
 .debug_macro   0x000016f1     0x128e atmel_start.o
 .debug_macro   0x0000297f      0x3dc atmel_start.o
 .debug_macro   0x00002d5b      0x58c atmel_start.o
 .debug_macro   0x000032e7     0x1791 atmel_start.o
 .debug_macro   0x00004a78      0x3b7 atmel_start.o
 .debug_macro   0x00004e2f      0x82b atmel_start.o
 .debug_macro   0x0000565a      0x310 atmel_start.o
 .debug_macro   0x0000596a     0x350e atmel_start.o
 .debug_macro   0x00008e78       0x40 atmel_start.o
 .debug_macro   0x00008eb8     0x105a atmel_start.o
 .debug_macro   0x00009f12      0x637 atmel_start.o
 .debug_macro   0x0000a549      0x54f atmel_start.o
 .debug_macro   0x0000aa98      0xb8f atmel_start.o
 .debug_macro   0x0000b627      0x5fc atmel_start.o
 .debug_macro   0x0000bc23     0x320c atmel_start.o
 .debug_macro   0x0000ee2f     0x83fb atmel_start.o
 .debug_macro   0x0001722a     0x3010 atmel_start.o
 .debug_macro   0x0001a23a     0x2440 atmel_start.o
 .debug_macro   0x0001c67a      0x879 atmel_start.o
 .debug_macro   0x0001cef3      0x17d atmel_start.o
 .debug_macro   0x0001d070      0x118 atmel_start.o
 .debug_macro   0x0001d188      0x950 atmel_start.o
 .debug_macro   0x0001dad8      0x121 atmel_start.o
 .debug_macro   0x0001dbf9      0x4fc atmel_start.o
 .debug_macro   0x0001e0f5      0x3e0 atmel_start.o
 .debug_macro   0x0001e4d5      0x63f atmel_start.o
 .debug_macro   0x0001eb14      0xb5f atmel_start.o
 .debug_macro   0x0001f673      0xefd atmel_start.o
 .debug_macro   0x00020570      0xbad atmel_start.o
 .debug_macro   0x0002111d      0x120 atmel_start.o
 .debug_macro   0x0002123d      0xbbe atmel_start.o
 .debug_macro   0x00021dfb      0x5bf atmel_start.o
 .debug_macro   0x000223ba     0x1220 atmel_start.o
 .debug_macro   0x000235da     0x34e1 atmel_start.o
 .debug_macro   0x00026abb       0xb2 atmel_start.o
 .debug_macro   0x00026b6d      0x12d atmel_start.o
 .debug_macro   0x00026c9a     0x2781 atmel_start.o
 .debug_macro   0x0002941b       0x4c atmel_start.o
 .debug_macro   0x00029467      0x14c atmel_start.o
 .debug_macro   0x000295b3       0xca atmel_start.o
 .debug_macro   0x0002967d       0xca atmel_start.o
 .debug_macro   0x00029747       0x16 atmel_start.o
 .debug_macro   0x0002975d       0x7c atmel_start.o
 .debug_macro   0x000297d9       0x40 atmel_start.o
 .debug_macro   0x00029819      0x623 atmel_start.o
 .debug_macro   0x00029e3c       0x40 atmel_start.o
 .debug_macro   0x00029e7c      0x7ce atmel_start.o
 .debug_macro   0x0002a64a       0x52 atmel_start.o
 .debug_macro   0x0002a69c       0x52 atmel_start.o
 .debug_macro   0x0002a6ee       0x88 atmel_start.o
 .debug_macro   0x0002a776       0xac atmel_start.o
 .debug_macro   0x0002a822      0x140 atmel_start.o
 .debug_macro   0x0002a962      0x136 atmel_start.o
 .debug_macro   0x0002aa98      0x136 atmel_start.o
 .debug_macro   0x0002abce      0x185 atmel_start.o
 .debug_macro   0x0002ad53      0x17e atmel_start.o
 .debug_macro   0x0002aed1      0x17e atmel_start.o
 .debug_macro   0x0002b04f      0x17e atmel_start.o
 .debug_macro   0x0002b1cd      0x17e atmel_start.o
 .debug_macro   0x0002b34b      0x11f atmel_start.o
 .debug_macro   0x0002b46a      0x31a atmel_start.o
 .debug_macro   0x0002b784      0x31a atmel_start.o
 .debug_macro   0x0002ba9e       0x82 atmel_start.o
 .debug_macro   0x0002bb20       0x22 atmel_start.o
 .debug_macro   0x0002bb42       0x22 atmel_start.o
 .debug_macro   0x0002bb64       0x5e atmel_start.o
 .debug_macro   0x0002bbc2       0x28 atmel_start.o
 .debug_macro   0x0002bbea       0x64 atmel_start.o
 .debug_macro   0x0002bc4e       0x94 atmel_start.o
 .debug_macro   0x0002bce2       0x7c atmel_start.o
 .debug_macro   0x0002bd5e       0x7c atmel_start.o
 .debug_macro   0x0002bdda       0x8e atmel_start.o
 .debug_macro   0x0002be68       0x34 atmel_start.o
 .debug_macro   0x0002be9c      0x144 atmel_start.o
 .debug_macro   0x0002bfe0      0x144 atmel_start.o
 .debug_macro   0x0002c124      0x144 atmel_start.o
 .debug_macro   0x0002c268      0x144 atmel_start.o
 .debug_macro   0x0002c3ac       0x3a atmel_start.o
 .debug_macro   0x0002c3e6       0x82 atmel_start.o
 .debug_macro   0x0002c468       0x82 atmel_start.o
 .debug_macro   0x0002c4ea       0x82 atmel_start.o
 .debug_macro   0x0002c56c       0x64 atmel_start.o
 .debug_macro   0x0002c5d0       0x64 atmel_start.o
 .debug_macro   0x0002c634       0x64 atmel_start.o
 .debug_macro   0x0002c698       0x64 atmel_start.o
 .debug_macro   0x0002c6fc       0x64 atmel_start.o
 .debug_macro   0x0002c760       0xdc atmel_start.o
 .debug_macro   0x0002c83c       0xdc atmel_start.o
 .debug_macro   0x0002c918       0xdc atmel_start.o
 .debug_macro   0x0002c9f4      0x71f atmel_start.o
 .debug_macro   0x0002d113       0x16 atmel_start.o
 .debug_macro   0x0002d129       0x22 atmel_start.o
 .debug_macro   0x0002d14b      0x9bf atmel_start.o
 .debug_macro   0x0002db0a      0x583 atmel_start.o
 .debug_macro   0x0002e08d     0x309d atmel_start.o
 .debug_macro   0x0003112a      0x169 atmel_start.o
 .debug_macro   0x00031293       0x10 atmel_start.o
 .debug_macro   0x000312a3       0x10 atmel_start.o
 .debug_macro   0x000312b3       0x16 atmel_start.o
 .debug_macro   0x000312c9       0x16 atmel_start.o
 .debug_macro   0x000312df       0x16 atmel_start.o
 .debug_macro   0x000312f5       0x16 atmel_start.o
 .debug_macro   0x0003130b       0x16 atmel_start.o
 .debug_macro   0x00031321       0x16 atmel_start.o
 .debug_macro   0x00031337       0x16 atmel_start.o
 .debug_macro   0x0003134d       0x16 atmel_start.o
 .debug_macro   0x00031363       0x16 atmel_start.o
 .debug_macro   0x00031379       0x16 atmel_start.o
 .debug_macro   0x0003138f       0x16 atmel_start.o
 .debug_macro   0x000313a5       0x16 atmel_start.o
 .debug_macro   0x000313bb       0x16 atmel_start.o
 .debug_macro   0x000313d1       0x16 atmel_start.o
 .debug_macro   0x000313e7       0x16 atmel_start.o
 .debug_macro   0x000313fd       0x16 atmel_start.o
 .debug_macro   0x00031413       0x16 atmel_start.o
 .debug_macro   0x00031429       0x16 atmel_start.o
 .debug_macro   0x0003143f       0x16 atmel_start.o
 .debug_macro   0x00031455       0x16 atmel_start.o
 .debug_macro   0x0003146b       0x16 atmel_start.o
 .debug_macro   0x00031481       0x16 atmel_start.o
 .debug_macro   0x00031497       0x16 atmel_start.o
 .debug_macro   0x000314ad       0x16 atmel_start.o
 .debug_macro   0x000314c3       0x16 atmel_start.o
 .debug_macro   0x000314d9       0x16 atmel_start.o
 .debug_macro   0x000314ef       0x16 atmel_start.o
 .debug_macro   0x00031505       0x16 atmel_start.o
 .debug_macro   0x0003151b       0x16 atmel_start.o
 .debug_macro   0x00031531       0x16 atmel_start.o
 .debug_macro   0x00031547       0x16 atmel_start.o
 .debug_macro   0x0003155d       0x16 atmel_start.o
 .debug_macro   0x00031573       0x16 atmel_start.o
 .debug_macro   0x00031589       0x16 atmel_start.o
 .debug_macro   0x0003159f       0x16 atmel_start.o
 .debug_macro   0x000315b5       0xca atmel_start.o
 .debug_macro   0x0003167f       0x1c atmel_start.o
 .debug_macro   0x0003169b       0x16 atmel_start.o
 .debug_macro   0x000316b1       0x34 atmel_start.o
 .debug_macro   0x000316e5       0xc9 atmel_start.o
 .debug_macro   0x000317ae      0x44c Device_Startup/startup_same70q21b.o
 .debug_macro   0x00031bfa       0x99 Device_Startup/startup_same70q21b.o
 .debug_macro   0x00031c93      0x729 driver_init.o
 .debug_macro   0x000323bc       0x10 driver_init.o
 .debug_macro   0x000323cc       0x3a driver_init.o
 .debug_macro   0x00032406      0x621 hal/src/hal_atomic.o
 .debug_macro   0x00032a27      0x658 hal/src/hal_delay.o
 .debug_macro   0x0003307f      0x636 hal/src/hal_io.o
 .debug_macro   0x000336b5      0x67e hal/src/hal_spi_m_sync.o
 .debug_macro   0x00033d33      0x62b hal/utils/src/utils_assert.o
 .debug_macro   0x0003435e       0x10 hal/utils/src/utils_assert.o
 .debug_macro   0x0003436e      0x681 hpl/core/hpl_core_m7_base.o
 .debug_macro   0x000349ef      0x699 hpl/core/hpl_init.o
 .debug_macro   0x00035088      0x324 hpl/core/hpl_init.o
 .debug_macro   0x000353ac      0x9df hpl/core/hpl_init.o
 .debug_macro   0x00035d8b      0x64a hpl/pmc/hpl_pmc.o
 .debug_macro   0x000363d5      0x6f1 hpl/spi/hpl_spi.o
 .debug_macro   0x00036ac6       0x64 hpl/spi/hpl_spi.o
 .debug_macro   0x00036b2a       0x1c hpl/spi/hpl_spi.o
 .debug_macro   0x00036b46       0x22 hpl/spi/hpl_spi.o
 .debug_macro   0x00036b68       0x10 hpl/spi/hpl_spi.o
 .debug_macro   0x00036b78      0x720 main.o
 .debug_macro   0x00037298       0xa6 main.o

.debug_line     0x00000000     0xb5b7
 .debug_line    0x00000000      0xd0c atmel_start.o
 .debug_line    0x00000d0c      0x842 Device_Startup/startup_same70q21b.o
 .debug_line    0x0000154e      0xfe0 driver_init.o
 .debug_line    0x0000252e      0xc15 hal/src/hal_atomic.o
 .debug_line    0x00003143      0xc40 hal/src/hal_delay.o
 .debug_line    0x00003d83      0xc3d hal/src/hal_io.o
 .debug_line    0x000049c0      0xdaf hal/src/hal_spi_m_sync.o
 .debug_line    0x0000576f      0xbde hal/utils/src/utils_assert.o
 .debug_line    0x0000634d      0xe3d hpl/core/hpl_core_m7_base.o
 .debug_line    0x0000718a      0xcde hpl/core/hpl_init.o
 .debug_line    0x00007e68      0xd74 hpl/pmc/hpl_pmc.o
 .debug_line    0x00008bdc     0x19b6 hpl/spi/hpl_spi.o
 .debug_line    0x0000a592     0x1025 main.o

.debug_str      0x00000000   0x11d085
 .debug_str     0x00000000   0x116cfd atmel_start.o
                             0x11770e (size before relaxing)
 .debug_str     0x00116cfd      0x7f6 Device_Startup/startup_same70q21b.o
                             0x1162be (size before relaxing)
 .debug_str     0x001174f3      0xa31 driver_init.o
                             0x118171 (size before relaxing)
 .debug_str     0x00117f24       0xa3 hal/src/hal_atomic.o
                             0x116eba (size before relaxing)
 .debug_str     0x00117fc7       0x9b hal/src/hal_delay.o
                             0x116f24 (size before relaxing)
 .debug_str     0x00118062       0x33 hal/src/hal_io.o
                             0x116f55 (size before relaxing)
 .debug_str     0x00118095      0x2d7 hal/src/hal_spi_m_sync.o
                             0x117842 (size before relaxing)
 .debug_str     0x0011836c       0x2f hal/utils/src/utils_assert.o
                             0x116eb6 (size before relaxing)
 .debug_str     0x0011839b      0x5f8 hpl/core/hpl_core_m7_base.o
                             0x117cb2 (size before relaxing)
 .debug_str     0x00118993     0x3073 hpl/core/hpl_init.o
                             0x11a2d5 (size before relaxing)
 .debug_str     0x0011ba06      0x1d6 hpl/pmc/hpl_pmc.o
                             0x117f05 (size before relaxing)
 .debug_str     0x0011bbdc     0x1032 hpl/spi/hpl_spi.o
                             0x118d0e (size before relaxing)
 .debug_str     0x0011cc0e      0x477 main.o
                             0x11830c (size before relaxing)

.debug_frame    0x00000000     0x21f4
 .debug_frame   0x00000000       0x2c atmel_start.o
 .debug_frame   0x0000002c       0x48 Device_Startup/startup_same70q21b.o
 .debug_frame   0x00000074      0x440 driver_init.o
 .debug_frame   0x000004b4       0x80 hal/src/hal_atomic.o
 .debug_frame   0x00000534       0xa4 hal/src/hal_delay.o
 .debug_frame   0x000005d8       0x78 hal/src/hal_io.o
 .debug_frame   0x00000650      0x204 hal/src/hal_spi_m_sync.o
 .debug_frame   0x00000854       0x38 hal/utils/src/utils_assert.o
 .debug_frame   0x0000088c      0x304 hpl/core/hpl_core_m7_base.o
 .debug_frame   0x00000b90       0x78 hpl/core/hpl_init.o
 .debug_frame   0x00000c08      0x264 hpl/pmc/hpl_pmc.o
 .debug_frame   0x00000e6c      0xe64 hpl/spi/hpl_spi.o
 .debug_frame   0x00001cd0      0x4f8 main.o
 .debug_frame   0x000021c8       0x2c c:/program files (x86)/atmel/studio/7.0/toolchain/arm/arm-gnu-toolchain/bin/../lib/gcc/arm-none-eabi/6.3.1/../../../../arm-none-eabi/lib/thumb/v7e-m\libc_nano.a(lib_a-init.o)
