Archive member included to satisfy reference by file (symbol)

c:/program files (x86)/atmel/studio/7.0/toolchain/arm/arm-gnu-toolchain/bin/../lib/gcc/arm-none-eabi/6.3.1/../../../../arm-none-eabi/lib/thumb/v7e-m\libc_nano.a(lib_a-exit.o)
                              c:/program files (x86)/atmel/studio/7.0/toolchain/arm/arm-gnu-toolchain/bin/../lib/gcc/arm-none-eabi/6.3.1/../../../../arm-none-eabi/lib/thumb/v7e-m/crt0.o (exit)
c:/program files (x86)/atmel/studio/7.0/toolchain/arm/arm-gnu-toolchain/bin/../lib/gcc/arm-none-eabi/6.3.1/../../../../arm-none-eabi/lib/thumb/v7e-m\libc_nano.a(lib_a-impure.o)
                              c:/program files (x86)/atmel/studio/7.0/toolchain/arm/arm-gnu-toolchain/bin/../lib/gcc/arm-none-eabi/6.3.1/../../../../arm-none-eabi/lib/thumb/v7e-m\libc_nano.a(lib_a-exit.o) (_global_impure_ptr)
c:/program files (x86)/atmel/studio/7.0/toolchain/arm/arm-gnu-toolchain/bin/../lib/gcc/arm-none-eabi/6.3.1/../../../../arm-none-eabi/lib/thumb/v7e-m\libc_nano.a(lib_a-init.o)
                              c:/program files (x86)/atmel/studio/7.0/toolchain/arm/arm-gnu-toolchain/bin/../lib/gcc/arm-none-eabi/6.3.1/../../../../arm-none-eabi/lib/thumb/v7e-m/crt0.o (__libc_init_array)
c:/program files (x86)/atmel/studio/7.0/toolchain/arm/arm-gnu-toolchain/bin/../lib/gcc/arm-none-eabi/6.3.1/../../../../arm-none-eabi/lib/thumb/v7e-m\libc_nano.a(lib_a-memset.o)
                              c:/program files (x86)/atmel/studio/7.0/toolchain/arm/arm-gnu-toolchain/bin/../lib/gcc/arm-none-eabi/6.3.1/../../../../arm-none-eabi/lib/thumb/v7e-m/crt0.o (memset)
c:/program files (x86)/atmel/studio/7.0/toolchain/arm/arm-gnu-toolchain/bin/../lib/gcc/arm-none-eabi/6.3.1/../../../../arm-none-eabi/lib/thumb/v7e-m\libc_nano.a(lib_a-printf.o)
                              hal/utils/src/utils_syscalls.o (printf)
c:/program files (x86)/atmel/studio/7.0/toolchain/arm/arm-gnu-toolchain/bin/../lib/gcc/arm-none-eabi/6.3.1/../../../../arm-none-eabi/lib/thumb/v7e-m\libc_nano.a(lib_a-findfp.o)
                              c:/program files (x86)/atmel/studio/7.0/toolchain/arm/arm-gnu-toolchain/bin/../lib/gcc/arm-none-eabi/6.3.1/../../../../arm-none-eabi/lib/thumb/v7e-m\libc_nano.a(lib_a-printf.o) (__sinit)
c:/program files (x86)/atmel/studio/7.0/toolchain/arm/arm-gnu-toolchain/bin/../lib/gcc/arm-none-eabi/6.3.1/../../../../arm-none-eabi/lib/thumb/v7e-m\libc_nano.a(lib_a-fwalk.o)
                              c:/program files (x86)/atmel/studio/7.0/toolchain/arm/arm-gnu-toolchain/bin/../lib/gcc/arm-none-eabi/6.3.1/../../../../arm-none-eabi/lib/thumb/v7e-m\libc_nano.a(lib_a-findfp.o) (_fwalk)
c:/program files (x86)/atmel/studio/7.0/toolchain/arm/arm-gnu-toolchain/bin/../lib/gcc/arm-none-eabi/6.3.1/../../../../arm-none-eabi/lib/thumb/v7e-m\libc_nano.a(lib_a-nano-mallocr.o)
                              c:/program files (x86)/atmel/studio/7.0/toolchain/arm/arm-gnu-toolchain/bin/../lib/gcc/arm-none-eabi/6.3.1/../../../../arm-none-eabi/lib/thumb/v7e-m\libc_nano.a(lib_a-findfp.o) (_malloc_r)
c:/program files (x86)/atmel/studio/7.0/toolchain/arm/arm-gnu-toolchain/bin/../lib/gcc/arm-none-eabi/6.3.1/../../../../arm-none-eabi/lib/thumb/v7e-m\libc_nano.a(lib_a-nano-vfprintf.o)
                              c:/program files (x86)/atmel/studio/7.0/toolchain/arm/arm-gnu-toolchain/bin/../lib/gcc/arm-none-eabi/6.3.1/../../../../arm-none-eabi/lib/thumb/v7e-m\libc_nano.a(lib_a-printf.o) (_vfprintf_r)
c:/program files (x86)/atmel/studio/7.0/toolchain/arm/arm-gnu-toolchain/bin/../lib/gcc/arm-none-eabi/6.3.1/../../../../arm-none-eabi/lib/thumb/v7e-m\libc_nano.a(lib_a-nano-vfprintf_i.o)
                              c:/program files (x86)/atmel/studio/7.0/toolchain/arm/arm-gnu-toolchain/bin/../lib/gcc/arm-none-eabi/6.3.1/../../../../arm-none-eabi/lib/thumb/v7e-m\libc_nano.a(lib_a-nano-vfprintf.o) (_printf_i)
c:/program files (x86)/atmel/studio/7.0/toolchain/arm/arm-gnu-toolchain/bin/../lib/gcc/arm-none-eabi/6.3.1/../../../../arm-none-eabi/lib/thumb/v7e-m\libc_nano.a(lib_a-sbrkr.o)
                              c:/program files (x86)/atmel/studio/7.0/toolchain/arm/arm-gnu-toolchain/bin/../lib/gcc/arm-none-eabi/6.3.1/../../../../arm-none-eabi/lib/thumb/v7e-m\libc_nano.a(lib_a-nano-mallocr.o) (_sbrk_r)
c:/program files (x86)/atmel/studio/7.0/toolchain/arm/arm-gnu-toolchain/bin/../lib/gcc/arm-none-eabi/6.3.1/../../../../arm-none-eabi/lib/thumb/v7e-m\libc_nano.a(lib_a-stdio.o)
                              c:/program files (x86)/atmel/studio/7.0/toolchain/arm/arm-gnu-toolchain/bin/../lib/gcc/arm-none-eabi/6.3.1/../../../../arm-none-eabi/lib/thumb/v7e-m\libc_nano.a(lib_a-findfp.o) (__sread)
c:/program files (x86)/atmel/studio/7.0/toolchain/arm/arm-gnu-toolchain/bin/../lib/gcc/arm-none-eabi/6.3.1/../../../../arm-none-eabi/lib/thumb/v7e-m\libc_nano.a(lib_a-wbuf.o)
[...]
Memory Configuration

Name             Origin             Length             Attributes
rom              0x00400000         0x00200000         xr
ram              0x20400000         0x00060000         xrw
*default*        0x00000000         0xffffffff

Linker script and memory map

LOAD c:/program files (x86)/atmel/studio/7.0/toolchain/arm/arm-gnu-toolchain/bin/../lib/gcc/arm-none-eabi/6.3.1/thumb/v7e-m/crti.o
LOAD c:/program files (x86)/atmel/studio/7.0/toolchain/arm/arm-gnu-toolchain/bin/../lib/gcc/arm-none-eabi/6.3.1/thumb/v7e-m/crtbegin.o
LOAD c:/program files (x86)/atmel/studio/7.0/toolchain/arm/arm-gnu-toolchain/bin/../lib/gcc/arm-none-eabi/6.3.1/../../../../arm-none-eabi/lib/thumb/v7e-m/crt0.o
LOAD atmel_start.o
LOAD Device_Startup/startup_same70q21b.o
LOAD Device_Startup/system_same70q21b.o
LOAD driver_init.o
LOAD examples/driver_examples.o
LOAD hal/src/hal_atomic.o
LOAD hal/src/hal_delay.o
LOAD hal/src/hal_ext_irq.o
LOAD hal/src/hal_gpio.o
LOAD hal/src/hal_init.o
LOAD hal/src/hal_io.o
LOAD hal/src/hal_sleep.o
LOAD hal/utils/src/utils_assert.o
LOAD hal/utils/src/utils_event.o
LOAD hal/utils/src/utils_list.o
LOAD hal/utils/src/utils_syscalls.o
LOAD hpl/core/hpl_core_m7_base.o
LOAD hpl/core/hpl_init.o
LOAD hpl/pio/hpl_pio_ext.o
LOAD hpl/pmc/hpl_pmc.o
LOAD hpl/pmc/hpl_sleep.o
LOAD hpl/xdmac/hpl_xdmac.o
LOAD led_flasher_main.o
START GROUP
LOAD c:/program files (x86)/atmel/studio/7.0/toolchain/arm/arm-gnu-toolchain/bin/../lib/gcc/arm-none-eabi/6.3.1/../../../../arm-none-eabi/lib/thumb/v7e-m\libm.a
END GROUP
START GROUP
LOAD c:/program files (x86)/atmel/studio/7.0/toolchain/arm/arm-gnu-toolchain/bin/../lib/gcc/arm-none-eabi/6.3.1/thumb/v7e-m\libgcc.a
LOAD c:/program files (x86)/atmel/studio/7.0/toolchain/arm/arm-gnu-toolchain/bin/../lib/gcc/arm-none-eabi/6.3.1/../../../../arm-none-eabi/lib/thumb/v7e-m\libc_nano.a
END GROUP
START GROUP
LOAD c:/program files (x86)/atmel/studio/7.0/toolchain/arm/arm-gnu-toolchain/bin/../lib/gcc/arm-none-eabi/6.3.1/thumb/v7e-m\libgcc.a
LOAD c:/program files (x86)/atmel/studio/7.0/toolchain/arm/arm-gnu-toolchain/bin/../lib/gcc/arm-none-eabi/6.3.1/../../../../arm-none-eabi/lib/thumb/v7e-m\libc_nano.a
END GROUP
LOAD c:/program files (x86)/atmel/studio/7.0/toolchain/arm/arm-gnu-toolchain/bin/../lib/gcc/arm-none-eabi/6.3.1/thumb/v7e-m/crtend.o
LOAD c:/program files (x86)/atmel/studio/7.0/toolchain/arm/arm-gnu-toolchain/bin/../lib/gcc/arm-none-eabi/6.3.1/thumb/v7e-m/crtn.o
                0x00000400                STACK_SIZE = DEFINED (STACK_SIZE)?STACK_SIZE:DEFINED (__stack_size__)?__stack_size__:0x400
                0x00000200                HEAP_SIZE = DEFINED (HEAP_SIZE)?HEAP_SIZE:DEFINED (__heap_size__)?__heap_size__:0x200

.text           0x00400000      0x714
                0x00400000                . = ALIGN (0x4)
                0x00400000                _sfixed = .
 *(.vectors .vectors.*)
 .vectors       0x00400000      0x168 Device_Startup/startup_same70q21b.o
                0x00400000                exception_table
 *(.text .text.* .gnu.linkonce.t.*)
 .text          0x00400168       0x6c c:/program files (x86)/atmel/studio/7.0/toolchain/arm/arm-gnu-toolchain/bin/../lib/gcc/arm-none-eabi/6.3.1/thumb/v7e-m/crtbegin.o
 .text.atmel_start_init
                0x004001d4        0xc atmel_start.o
                0x004001d4                atmel_start_init
 .text.Dummy_Handler
                0x004001e0        0x2 Device_Startup/startup_same70q21b.o
                0x004001e0                DACC_Handler
                0x004001e0                SVCall_Handler
                0x004001e0                UART3_Handler
                0x004001e0                UART2_Handler
                0x004001e0                TRNG_Handler
                0x004001e0                HardFault_Handler
                0x004001e0                TC2_Handler
                0x004001e0                SysTick_Handler
                0x004001e0                AFEC1_Handler
                0x004001e0                PendSV_Handler
                0x004001e0                TC7_Handler
                0x004001e0                QSPI_Handler
                0x004001e0                NonMaskableInt_Handler
                0x004001e0                ISI_Handler
                0x004001e0                MCAN0_INT0_Handler
                0x004001e0                TC9_Handler
                0x004001e0                RSWDT_Handler
                0x004001e0                USART0_Handler
                0x004001e0                RTT_Handler
                0x004001e0                USBHS_Handler
                0x004001e0                IXC_Handler
                0x004001e0                CCF_Handler
                0x004001e0                PIOB_Handler
                0x004001e0                RTC_Handler
                0x004001e0                UsageFault_Handler
                0x004001e0                TC6_Handler
                0x004001e0                WDT_Handler
                0x004001e0                MCAN1_INT1_Handler
                0x004001e0                TC4_Handler
                0x004001e0                TC1_Handler
                0x004001e0                HSMCI_Handler
                0x004001e0                UART1_Handler
                0x004001e0                TC3_Handler
                0x004001e0                Dummy_Handler
                0x004001e0                TWIHS1_Handler
                0x004001e0                XDMAC_Handler
                0x004001e0                UART4_Handler
                0x004001e0                PWM1_Handler
                0x004001e0                USART1_Handler
                0x004001e0                PWM0_Handler
                0x004001e0                PIOA_Handler
                0x004001e0                AFEC0_Handler
                0x004001e0                CCW_Handler
                0x004001e0                SSC_Handler
                0x004001e0                TC11_Handler
                0x004001e0                ACC_Handler
                0x004001e0                PMC_Handler
                0x004001e0                GMAC_Handler
                0x004001e0                MCAN0_INT1_Handler
                0x004001e0                GMAC_Q5_Handler
                0x004001e0                SUPC_Handler
                0x004001e0                TC8_Handler
                0x004001e0                MCAN1_INT0_Handler
                0x004001e0                EFC_Handler
                0x004001e0                GMAC_Q1_Handler
                0x004001e0                USART2_Handler
                0x004001e0                SDRAMC_Handler
                0x004001e0                GMAC_Q2_Handler
                0x004001e0                PIOE_Handler
                0x004001e0                SPI1_Handler
                0x004001e0                TC10_Handler
                0x004001e0                GMAC_Q3_Handler
                0x004001e0                TWIHS2_Handler
                0x004001e0                I2SC0_Handler
                0x004001e0                UART0_Handler
                0x004001e0                I2SC1_Handler
                0x004001e0                PIOC_Handler
                0x004001e0                GMAC_Q4_Handler
                0x004001e0                FPU_Handler
                0x004001e0                BusFault_Handler
                0x004001e0                RSTC_Handler
                0x004001e0                TC0_Handler
                0x004001e0                MemoryManagement_Handler
                0x004001e0                DebugMonitor_Handler
                0x004001e0                TC5_Handler
                0x004001e0                ICM_Handler
                0x004001e0                AES_Handler
                0x004001e0                TWIHS0_Handler
                0x004001e0                SPI0_Handler
 *fill*         0x004001e2        0x2 
 .text.Reset_Handler
                0x004001e4       0x84 Device_Startup/startup_same70q21b.o
                0x004001e4                Reset_Handler
 .text.system_init
                0x00400268       0x54 driver_init.o
                0x00400268                system_init
 .text.atomic_enter_critical
                0x004002bc        0xe hal/src/hal_atomic.o
                0x004002bc                atomic_enter_critical
 .text.atomic_leave_critical
                0x004002ca        0xc hal/src/hal_atomic.o
                0x004002ca                atomic_leave_critical
 *fill*         0x004002d6        0x2 
 .text.process_ext_irq
                0x004002d8       0x38 hal/src/hal_ext_irq.o
 .text.ext_irq_init
                0x00400310       0x24 hal/src/hal_ext_irq.o
                0x00400310                ext_irq_init
 .text.ext_irq_register
                0x00400334       0x40 hal/src/hal_ext_irq.o
                0x00400334                ext_irq_register
 .text.assert   0x00400374        0x6 hal/utils/src/utils_assert.o
                0x00400374                assert
 *fill*         0x0040037a        0x2 
 .text._init_chip
                0x0040037c       0x54 hpl/core/hpl_init.o
                0x0040037c                _init_chip
 .text._ffs     0x004003d0       0x40 hpl/pio/hpl_pio_ext.o
 .text.PIOD_Handler
                0x00400410       0xa4 hpl/pio/hpl_pio_ext.o
                0x00400410                PIOD_Handler
 .text._ext_irq_init
                0x004004b4       0x7c hpl/pio/hpl_pio_ext.o
                0x004004b4                _ext_irq_init
 .text._ext_irq_enable
                0x00400530       0x60 hpl/pio/hpl_pio_ext.o
                0x00400530                _ext_irq_enable
 .text._pmc_init
                0x00400590       0x8c hpl/pmc/hpl_pmc.o
                0x00400590                _pmc_init
 .text.button_on_PD28_pressed
                0x0040061c       0x30 led_flasher_main.o
 .text.EXTERNAL_IRQ_0_example
                0x0040064c       0x14 led_flasher_main.o
                0x0040064c                EXTERNAL_IRQ_0_example
 .text.main     0x00400660       0x30 led_flasher_main.o
                0x00400660                main
 .text.__libc_init_array
                0x00400690       0x48 c:/program files (x86)/atmel/studio/7.0/toolchain/arm/arm-gnu-toolchain/bin/../lib/gcc/arm-none-eabi/6.3.1/../../../../arm-none-eabi/lib/thumb/v7e-m\libc_nano.a(lib_a-init.o)
                0x00400690                __libc_init_array
 *(.glue_7t)
 .glue_7t       0x004006d8        0x0 linker stubs
 *(.glue_7)
 .glue_7        0x004006d8        0x0 linker stubs
 *(.rodata .rodata* .gnu.linkonce.r.*)
 .rodata.str1.4
                0x004006d8       0x1c hpl/pio/hpl_pio_ext.o
                                 0x19 (size before relaxing)
 *(.ARM.extab* .gnu.linkonce.armextab.*)
                0x004006f4                . = ALIGN (0x4)
 *(.init)
 .init          0x004006f4        0x4 c:/program files (x86)/atmel/studio/7.0/toolchain/arm/arm-gnu-toolchain/bin/../lib/gcc/arm-none-eabi/6.3.1/thumb/v7e-m/crti.o
                0x004006f4                _init
 .init          0x004006f8        0x8 c:/program files (x86)/atmel/studio/7.0/toolchain/arm/arm-gnu-toolchain/bin/../lib/gcc/arm-none-eabi/6.3.1/thumb/v7e-m/crtn.o
                0x00400700                . = ALIGN (0x4)
                0x00400700                __preinit_array_start = .
 *(.preinit_array)
                0x00400700                __preinit_array_end = .
                0x00400700                . = ALIGN (0x4)
                0x00400700                __init_array_start = .
 *(SORT(.init_array.*))
 *(.init_array)
 .init_array    0x00400700        0x4 c:/program files (x86)/atmel/studio/7.0/toolchain/arm/arm-gnu-toolchain/bin/../lib/gcc/arm-none-eabi/6.3.1/thumb/v7e-m/crtbegin.o
                0x00400704                __init_array_end = .
                0x00400704                . = ALIGN (0x4)
 *crtbegin.o(.ctors)
 *(EXCLUDE_FILE(*crtend.o) .ctors)
 *(SORT(.ctors.*))
 *crtend.o(.ctors)
                0x00400704                . = ALIGN (0x4)
 *(.fini)
 .fini          0x00400704        0x4 c:/program files (x86)/atmel/studio/7.0/toolchain/arm/arm-gnu-toolchain/bin/../lib/gcc/arm-none-eabi/6.3.1/thumb/v7e-m/crti.o
                0x00400704                _fini
 .fini          0x00400708        0x8 c:/program files (x86)/atmel/studio/7.0/toolchain/arm/arm-gnu-toolchain/bin/../lib/gcc/arm-none-eabi/6.3.1/thumb/v7e-m/crtn.o
                0x00400710                . = ALIGN (0x4)
                0x00400710                __fini_array_start = .
 *(.fini_array)
 .fini_array    0x00400710        0x4 c:/program files (x86)/atmel/studio/7.0/toolchain/arm/arm-gnu-toolchain/bin/../lib/gcc/arm-none-eabi/6.3.1/thumb/v7e-m/crtbegin.o
 *(SORT(.fini_array.*))
                0x00400714                __fini_array_end = .
 *crtbegin.o(.dtors)
 *(EXCLUDE_FILE(*crtend.o) .dtors)
 *(SORT(.dtors.*))
 *crtend.o(.dtors)
                0x00400714                . = ALIGN (0x4)
                0x00400714                _efixed = .
                [!provide]                PROVIDE (__exidx_start, .)

.vfp11_veneer   0x00400714        0x0
 .vfp11_veneer  0x00400714        0x0 linker stubs

.v4_bx          0x00400714        0x0
 .v4_bx         0x00400714        0x0 linker stubs

.iplt           0x00400714        0x0
 .iplt          0x00400714        0x0 c:/program files (x86)/atmel/studio/7.0/toolchain/arm/arm-gnu-toolchain/bin/../lib/gcc/arm-none-eabi/6.3.1/thumb/v7e-m/crtbegin.o

.eh_frame       0x00400714        0x0
 .eh_frame      0x00400714        0x0 c:/program files (x86)/atmel/studio/7.0/toolchain/arm/arm-gnu-toolchain/bin/../lib/gcc/arm-none-eabi/6.3.1/thumb/v7e-m/crtbegin.o

.rel.dyn        0x00400714        0x0
 .rel.iplt      0x00400714        0x0 c:/program files (x86)/atmel/studio/7.0/toolchain/arm/arm-gnu-toolchain/bin/../lib/gcc/arm-none-eabi/6.3.1/thumb/v7e-m/crtbegin.o

.jcr            0x00400714        0x0
 .jcr           0x00400714        0x0 c:/program files (x86)/atmel/studio/7.0/toolchain/arm/arm-gnu-toolchain/bin/../lib/gcc/arm-none-eabi/6.3.1/thumb/v7e-m/crtbegin.o

.igot.plt       0x00400714        0x0
 .igot.plt      0x00400714        0x0 c:/program files (x86)/atmel/studio/7.0/toolchain/arm/arm-gnu-toolchain/bin/../lib/gcc/arm-none-eabi/6.3.1/thumb/v7e-m/crtbegin.o

.ARM.exidx
 *(.ARM.exidx* .gnu.linkonce.armexidx.*)
                [!provide]                PROVIDE (__exidx_end, .)
                0x00400714                . = ALIGN (0x4)
                0x00400714                _etext = .

.relocate       0x20400000        0x0 load address 0x00400714
                0x20400000                . = ALIGN (0x4)
                0x20400000                _srelocate = .
 *(.ramfunc .ramfunc.*)
 *(.data .data.*)
                0x20400000                . = ALIGN (0x4)
                0x20400000                _erelocate = .

.bss            0x20400000       0x28
                0x20400000                . = ALIGN (0x4)
                0x20400000                _sbss = .
                0x20400000                _szero = .
 *(.bss .bss.*)
 .bss           0x20400000       0x1c c:/program files (x86)/atmel/studio/7.0/toolchain/arm/arm-gnu-toolchain/bin/../lib/gcc/arm-none-eabi/6.3.1/thumb/v7e-m/crtbegin.o
 .bss           0x2040001c        0x8 hal/src/hal_ext_irq.o
 .bss           0x20400024        0x4 hpl/pio/hpl_pio_ext.o
 *(COMMON)
                0x20400028                . = ALIGN (0x4)
                0x20400028                _ebss = .
                0x20400028                _ezero = .

.heap           0x20400028      0x200
                0x20400028                . = ALIGN (0x8)
                0x20400028                _sheap = .
                0x20400228                . = (. + HEAP_SIZE)
 *fill*         0x20400028      0x200 
                0x20400228                . = ALIGN (0x8)
                0x20400228                _eheap = .

.stack          0x20400228      0x400
                0x20400228                . = ALIGN (0x8)
                0x20400228                _sstack = .
                0x20400628                . = (. + STACK_SIZE)
 *fill*         0x20400228      0x400 
                0x20400628                . = ALIGN (0x8)
                0x20400628                _estack = .
                0x20400628                . = ALIGN (0x4)
                0x20400628                _end = .
                0x2045ffff                _ram_end_ = ((ORIGIN (ram) + LENGTH (ram)) - 0x1)
OUTPUT(NEW LED INT.elf elf32-littlearm)

.ARM.attributes
                0x00000000       0x2e
 .ARM.attributes
                0x00000000       0x1e c:/program files (x86)/atmel/studio/7.0/toolchain/arm/arm-gnu-toolchain/bin/../lib/gcc/arm-none-eabi/6.3.1/thumb/v7e-m/crti.o
 .ARM.attributes
                0x0000001e       0x2e c:/program files (x86)/atmel/studio/7.0/toolchain/arm/arm-gnu-toolchain/bin/../lib/gcc/arm-none-eabi/6.3.1/thumb/v7e-m/crtbegin.o
 .ARM.attributes
                0x0000004c       0x37 atmel_start.o
 .ARM.attributes
                0x00000083       0x37 Device_Startup/startup_same70q21b.o
 .ARM.attributes
                0x000000ba       0x37 driver_init.o
 .ARM.attributes
                0x000000f1       0x37 hal/src/hal_atomic.o
 .ARM.attributes
                0x00000128       0x37 hal/src/hal_ext_irq.o
 .ARM.attributes
                0x0000015f       0x37 hal/utils/src/utils_assert.o
 .ARM.attributes
                0x00000196       0x37 hpl/core/hpl_init.o
 .ARM.attributes
                0x000001cd       0x37 hpl/pio/hpl_pio_ext.o
 .ARM.attributes
                0x00000204       0x37 hpl/pmc/hpl_pmc.o
 .ARM.attributes
                0x0000023b       0x37 led_flasher_main.o
 .ARM.attributes
                0x00000272       0x2e c:/program files (x86)/atmel/studio/7.0/toolchain/arm/arm-gnu-toolchain/bin/../lib/gcc/arm-none-eabi/6.3.1/../../../../arm-none-eabi/lib/thumb/v7e-m\libc_nano.a(lib_a-init.o)
 .ARM.attributes
                0x000002a0       0x1e c:/program files (x86)/atmel/studio/7.0/toolchain/arm/arm-gnu-toolchain/bin/../lib/gcc/arm-none-eabi/6.3.1/thumb/v7e-m/crtn.o

.comment        0x00000000       0x59
 .comment       0x00000000       0x59 atmel_start.o
                                 0x5a (size before relaxing)
 .comment       0x00000059       0x5a Device_Startup/startup_same70q21b.o
 .comment       0x00000059       0x5a driver_init.o
 .comment       0x00000059       0x5a hal/src/hal_atomic.o
 .comment       0x00000059       0x5a hal/src/hal_ext_irq.o
 .comment       0x00000059       0x5a hal/utils/src/utils_assert.o
 .comment       0x00000059       0x5a hpl/core/hpl_init.o
 .comment       0x00000059       0x5a hpl/pio/hpl_pio_ext.o
 .comment       0x00000059       0x5a hpl/pmc/hpl_pmc.o
 .comment       0x00000059       0x5a led_flasher_main.o

.debug_info     0x00000000     0x59c7
 .debug_info    0x00000000       0xd5 atmel_start.o
 .debug_info    0x000000d5      0xb23 Device_Startup/startup_same70q21b.o
 .debug_info    0x00000bf8     0x15b8 driver_init.o
 .debug_info    0x000021b0      0x1ed hal/src/hal_atomic.o
 .debug_info    0x0000239d      0x36d hal/src/hal_ext_irq.o
 .debug_info    0x0000270a      0x10d hal/utils/src/utils_assert.o
 .debug_info    0x00002817      0x6b5 hpl/core/hpl_init.o
 .debug_info    0x00002ecc     0x1264 hpl/pio/hpl_pio_ext.o
 .debug_info    0x00004130      0x899 hpl/pmc/hpl_pmc.o
 .debug_info    0x000049c9      0xffe led_flasher_main.o

.debug_abbrev   0x00000000     0x110f
 .debug_abbrev  0x00000000       0x8b atmel_start.o
 .debug_abbrev  0x0000008b      0x153 Device_Startup/startup_same70q21b.o
 .debug_abbrev  0x000001de      0x264 driver_init.o
 .debug_abbrev  0x00000442      0x144 hal/src/hal_atomic.o
 .debug_abbrev  0x00000586      0x17a hal/src/hal_ext_irq.o
 .debug_abbrev  0x00000700       0x8d hal/utils/src/utils_assert.o
 .debug_abbrev  0x0000078d      0x1e5 hpl/core/hpl_init.o
 .debug_abbrev  0x00000972      0x379 hpl/pio/hpl_pio_ext.o
 .debug_abbrev  0x00000ceb      0x1c1 hpl/pmc/hpl_pmc.o
 .debug_abbrev  0x00000eac      0x263 led_flasher_main.o

.debug_loc      0x00000000     0x10a8
 .debug_loc     0x00000000       0x20 atmel_start.o
 .debug_loc     0x00000020       0x6b Device_Startup/startup_same70q21b.o
 .debug_loc     0x0000008b      0x320 driver_init.o
 .debug_loc     0x000003ab       0x13 hal/src/hal_atomic.o
 .debug_loc     0x000003be      0x367 hal/src/hal_ext_irq.o
 .debug_loc     0x00000725       0x77 hpl/core/hpl_init.o
 .debug_loc     0x0000079c      0x4fe hpl/pio/hpl_pio_ext.o
 .debug_loc     0x00000c9a      0x1fc hpl/pmc/hpl_pmc.o
 .debug_loc     0x00000e96      0x212 led_flasher_main.o

.debug_aranges  0x00000000      0x1c0
 .debug_aranges
                0x00000000       0x20 atmel_start.o
 .debug_aranges
                0x00000020       0x28 Device_Startup/startup_same70q21b.o
 .debug_aranges
                0x00000048       0x28 driver_init.o
 .debug_aranges
                0x00000070       0x30 hal/src/hal_atomic.o
 .debug_aranges
                0x000000a0       0x50 hal/src/hal_ext_irq.o
 .debug_aranges
                0x000000f0       0x20 hal/utils/src/utils_assert.o
 .debug_aranges
                0x00000110       0x20 hpl/core/hpl_init.o
 .debug_aranges
                0x00000130       0x40 hpl/pio/hpl_pio_ext.o
 .debug_aranges
                0x00000170       0x20 hpl/pmc/hpl_pmc.o
 .debug_aranges
                0x00000190       0x30 led_flasher_main.o

.debug_ranges   0x00000000      0x138
 .debug_ranges  0x00000000       0x10 atmel_start.o
 .debug_ranges  0x00000010       0x18 Device_Startup/startup_same70q21b.o
 .debug_ranges  0x00000028       0x18 driver_init.o
 .debug_ranges  0x00000040       0x20 hal/src/hal_atomic.o
 .debug_ranges  0x00000060       0x40 hal/src/hal_ext_irq.o
 .debug_ranges  0x000000a0       0x10 hal/utils/src/utils_assert.o
 .debug_ranges  0x000000b0       0x10 hpl/core/hpl_init.o
 .debug_ranges  0x000000c0       0x48 hpl/pio/hpl_pio_ext.o
 .debug_ranges  0x00000108       0x10 hpl/pmc/hpl_pmc.o
 .debug_ranges  0x00000118       0x20 led_flasher_main.o

.debug_macro    0x00000000    0x35f5b
 .debug_macro   0x00000000      0x6de atmel_start.o
 .debug_macro   0x000006de      0x8b0 atmel_start.o
 .debug_macro   0x00000f8e      0x16d atmel_start.o
 .debug_macro   0x000010fb       0x22 atmel_start.o
 .debug_macro   0x0000111d       0x87 atmel_start.o
 .debug_macro   0x000011a4       0x51 atmel_start.o
 .debug_macro   0x000011f5       0xef atmel_start.o
 .debug_macro   0x000012e4       0x6a atmel_start.o
 .debug_macro   0x0000134e      0x1df atmel_start.o
 .debug_macro   0x0000152d       0x22 atmel_start.o
 .debug_macro   0x0000154f       0x9f atmel_start.o
 .debug_macro   0x000015ee       0x28 atmel_start.o
 .debug_macro   0x00001616       0xaf atmel_start.o
 .debug_macro   0x000016c5     0x128e atmel_start.o
 .debug_macro   0x00002953      0x3dc atmel_start.o
 .debug_macro   0x00002d2f      0x58c atmel_start.o
 .debug_macro   0x000032bb     0x1791 atmel_start.o
 .debug_macro   0x00004a4c      0x3b7 atmel_start.o
 .debug_macro   0x00004e03      0x82b atmel_start.o
 .debug_macro   0x0000562e      0x310 atmel_start.o
 .debug_macro   0x0000593e     0x350e atmel_start.o
 .debug_macro   0x00008e4c       0x40 atmel_start.o
 .debug_macro   0x00008e8c     0x105a atmel_start.o
 .debug_macro   0x00009ee6      0x637 atmel_start.o
 .debug_macro   0x0000a51d      0x54f atmel_start.o
 .debug_macro   0x0000aa6c      0xb8f atmel_start.o
 .debug_macro   0x0000b5fb      0x5fc atmel_start.o
 .debug_macro   0x0000bbf7     0x320c atmel_start.o
 .debug_macro   0x0000ee03     0x83fb atmel_start.o
 .debug_macro   0x000171fe     0x3010 atmel_start.o
 .debug_macro   0x0001a20e     0x2440 atmel_start.o
 .debug_macro   0x0001c64e      0x879 atmel_start.o
 .debug_macro   0x0001cec7      0x17d atmel_start.o
 .debug_macro   0x0001d044      0x118 atmel_start.o
 .debug_macro   0x0001d15c      0x950 atmel_start.o
 .debug_macro   0x0001daac      0x121 atmel_start.o
 .debug_macro   0x0001dbcd      0x4fc atmel_start.o
 .debug_macro   0x0001e0c9      0x3e0 atmel_start.o
 .debug_macro   0x0001e4a9      0x63f atmel_start.o
 .debug_macro   0x0001eae8      0xb5f atmel_start.o
 .debug_macro   0x0001f647      0xefd atmel_start.o
 .debug_macro   0x00020544      0xbad atmel_start.o
 .debug_macro   0x000210f1      0x120 atmel_start.o
 .debug_macro   0x00021211      0xbbe atmel_start.o
 .debug_macro   0x00021dcf      0x5bf atmel_start.o
 .debug_macro   0x0002238e     0x1220 atmel_start.o
 .debug_macro   0x000235ae     0x34e1 atmel_start.o
 .debug_macro   0x00026a8f       0xb2 atmel_start.o
 .debug_macro   0x00026b41      0x12d atmel_start.o
 .debug_macro   0x00026c6e     0x2781 atmel_start.o
 .debug_macro   0x000293ef       0x4c atmel_start.o
 .debug_macro   0x0002943b      0x14c atmel_start.o
 .debug_macro   0x00029587       0xca atmel_start.o
 .debug_macro   0x00029651       0xca atmel_start.o
 .debug_macro   0x0002971b       0x16 atmel_start.o
 .debug_macro   0x00029731       0x7c atmel_start.o
 .debug_macro   0x000297ad       0x40 atmel_start.o
 .debug_macro   0x000297ed      0x623 atmel_start.o
 .debug_macro   0x00029e10       0x40 atmel_start.o
 .debug_macro   0x00029e50      0x7ce atmel_start.o
 .debug_macro   0x0002a61e       0x52 atmel_start.o
 .debug_macro   0x0002a670       0x52 atmel_start.o
 .debug_macro   0x0002a6c2       0x88 atmel_start.o
 .debug_macro   0x0002a74a       0xac atmel_start.o
 .debug_macro   0x0002a7f6      0x140 atmel_start.o
 .debug_macro   0x0002a936      0x136 atmel_start.o
 .debug_macro   0x0002aa6c      0x136 atmel_start.o
 .debug_macro   0x0002aba2      0x185 atmel_start.o
 .debug_macro   0x0002ad27      0x17e atmel_start.o
 .debug_macro   0x0002aea5      0x17e atmel_start.o
 .debug_macro   0x0002b023      0x17e atmel_start.o
 .debug_macro   0x0002b1a1      0x17e atmel_start.o
 .debug_macro   0x0002b31f      0x11f atmel_start.o
 .debug_macro   0x0002b43e      0x31a atmel_start.o
 .debug_macro   0x0002b758      0x31a atmel_start.o
 .debug_macro   0x0002ba72       0x82 atmel_start.o
 .debug_macro   0x0002baf4       0x22 atmel_start.o
 .debug_macro   0x0002bb16       0x22 atmel_start.o
 .debug_macro   0x0002bb38       0x5e atmel_start.o
 .debug_macro   0x0002bb96       0x28 atmel_start.o
 .debug_macro   0x0002bbbe       0x64 atmel_start.o
 .debug_macro   0x0002bc22       0x94 atmel_start.o
 .debug_macro   0x0002bcb6       0x7c atmel_start.o
 .debug_macro   0x0002bd32       0x7c atmel_start.o
 .debug_macro   0x0002bdae       0x8e atmel_start.o
 .debug_macro   0x0002be3c       0x34 atmel_start.o
 .debug_macro   0x0002be70      0x144 atmel_start.o
 .debug_macro   0x0002bfb4      0x144 atmel_start.o
 .debug_macro   0x0002c0f8      0x144 atmel_start.o
 .debug_macro   0x0002c23c      0x144 atmel_start.o
 .debug_macro   0x0002c380       0x3a atmel_start.o
 .debug_macro   0x0002c3ba       0x82 atmel_start.o
 .debug_macro   0x0002c43c       0x82 atmel_start.o
 .debug_macro   0x0002c4be       0x82 atmel_start.o
 .debug_macro   0x0002c540       0x64 atmel_start.o
 .debug_macro   0x0002c5a4       0x64 atmel_start.o
 .debug_macro   0x0002c608       0x64 atmel_start.o
 .debug_macro   0x0002c66c       0x64 atmel_start.o
 .debug_macro   0x0002c6d0       0x64 atmel_start.o
 .debug_macro   0x0002c734       0xdc atmel_start.o
 .debug_macro   0x0002c810       0xdc atmel_start.o
 .debug_macro   0x0002c8ec       0xdc atmel_start.o
 .debug_macro   0x0002c9c8      0x71f atmel_start.o
 .debug_macro   0x0002d0e7       0x16 atmel_start.o
 .debug_macro   0x0002d0fd       0x22 atmel_start.o
 .debug_macro   0x0002d11f      0x9bf atmel_start.o
 .debug_macro   0x0002dade      0x583 atmel_start.o
 .debug_macro   0x0002e061     0x309d atmel_start.o
 .debug_macro   0x000310fe      0x169 atmel_start.o
 .debug_macro   0x00031267       0x10 atmel_start.o
 .debug_macro   0x00031277       0x10 atmel_start.o
 .debug_macro   0x00031287       0x16 atmel_start.o
 .debug_macro   0x0003129d       0x16 atmel_start.o
 .debug_macro   0x000312b3       0x16 atmel_start.o
 .debug_macro   0x000312c9       0x16 atmel_start.o
 .debug_macro   0x000312df       0x16 atmel_start.o
 .debug_macro   0x000312f5       0x16 atmel_start.o
 .debug_macro   0x0003130b       0x16 atmel_start.o
 .debug_macro   0x00031321       0x16 atmel_start.o
 .debug_macro   0x00031337       0x16 atmel_start.o
 .debug_macro   0x0003134d       0x16 atmel_start.o
 .debug_macro   0x00031363       0x16 atmel_start.o
 .debug_macro   0x00031379       0x16 atmel_start.o
 .debug_macro   0x0003138f       0x16 atmel_start.o
 .debug_macro   0x000313a5       0x16 atmel_start.o
 .debug_macro   0x000313bb       0x16 atmel_start.o
 .debug_macro   0x000313d1       0x16 atmel_start.o
 .debug_macro   0x000313e7       0x16 atmel_start.o
 .debug_macro   0x000313fd       0x16 atmel_start.o
 .debug_macro   0x00031413       0x16 atmel_start.o
 .debug_macro   0x00031429       0x16 atmel_start.o
 .debug_macro   0x0003143f       0x16 atmel_start.o
 .debug_macro   0x00031455       0x16 atmel_start.o
 .debug_macro   0x0003146b       0x16 atmel_start.o
 .debug_macro   0x00031481       0x16 atmel_start.o
 .debug_macro   0x00031497       0x16 atmel_start.o
 .debug_macro   0x000314ad       0x16 atmel_start.o
 .debug_macro   0x000314c3       0x16 atmel_start.o
 .debug_macro   0x000314d9       0x16 atmel_start.o
 .debug_macro   0x000314ef       0x16 atmel_start.o
 .debug_macro   0x00031505       0x16 atmel_start.o
 .debug_macro   0x0003151b       0x16 atmel_start.o
 .debug_macro   0x00031531       0x16 atmel_start.o
 .debug_macro   0x00031547       0x16 atmel_start.o
 .debug_macro   0x0003155d       0x16 atmel_start.o
 .debug_macro   0x00031573       0x16 atmel_start.o
 .debug_macro   0x00031589       0xca atmel_start.o
 .debug_macro   0x00031653       0x1c atmel_start.o
 .debug_macro   0x0003166f       0x16 atmel_start.o
 .debug_macro   0x00031685       0x28 atmel_start.o
 .debug_macro   0x000316ad      0x44c Device_Startup/startup_same70q21b.o
 .debug_macro   0x00031af9       0x99 Device_Startup/startup_same70q21b.o
 .debug_macro   0x00031b92      0x6f1 driver_init.o
 .debug_macro   0x00032283       0x10 driver_init.o
 .debug_macro   0x00032293       0x2e driver_init.o
 .debug_macro   0x000322c1       0xc9 driver_init.o
 .debug_macro   0x0003238a      0x621 hal/src/hal_atomic.o
 .debug_macro   0x000329ab      0x63d hal/src/hal_ext_irq.o
 .debug_macro   0x00032fe8      0x62b hal/utils/src/utils_assert.o
 .debug_macro   0x00033613       0x10 hal/utils/src/utils_assert.o
 .debug_macro   0x00033623      0x699 hpl/core/hpl_init.o
 .debug_macro   0x00033cbc      0x324 hpl/core/hpl_init.o
 .debug_macro   0x00033fe0      0x9df hpl/core/hpl_init.o
 .debug_macro   0x000349bf      0x681 hpl/pio/hpl_pio_ext.o
 .debug_macro   0x00035040      0x1ee hpl/pio/hpl_pio_ext.o
 .debug_macro   0x0003522e      0x64a hpl/pmc/hpl_pmc.o
 .debug_macro   0x00035878      0x6e3 led_flasher_main.o

.debug_line     0x00000000     0x7a86
 .debug_line    0x00000000      0xcdb atmel_start.o
 .debug_line    0x00000cdb      0x836 Device_Startup/startup_same70q21b.o
 .debug_line    0x00001511      0xd63 driver_init.o
 .debug_line    0x00002274      0xc07 hal/src/hal_atomic.o
 .debug_line    0x00002e7b      0xc7b hal/src/hal_ext_irq.o
 .debug_line    0x00003af6      0xbdd hal/utils/src/utils_assert.o
 .debug_line    0x000046d3      0xcc3 hpl/core/hpl_init.o
 .debug_line    0x00005396      0xd3d hpl/pio/hpl_pio_ext.o
 .debug_line    0x000060d3      0xc85 hpl/pmc/hpl_pmc.o
 .debug_line    0x00006d58      0xd2e led_flasher_main.o

.debug_str      0x00000000   0x11e4ef
 .debug_str     0x00000000   0x116768 atmel_start.o
                             0x11711c (size before relaxing)
 .debug_str     0x00116768      0x800 Device_Startup/startup_same70q21b.o
                             0x1162c3 (size before relaxing)
 .debug_str     0x00116f68      0xe6f driver_init.o
                             0x117ffb (size before relaxing)
 .debug_str     0x00117dd7       0xbe hal/src/hal_atomic.o
                             0x116ebf (size before relaxing)
 .debug_str     0x00117e95       0xdd hal/src/hal_ext_irq.o
                             0x116f78 (size before relaxing)
 .debug_str     0x00117f72       0x36 hal/utils/src/utils_assert.o
                             0x116ebb (size before relaxing)
 .debug_str     0x00117fa8     0x309a hpl/core/hpl_init.o
                             0x11a29c (size before relaxing)
 .debug_str     0x0011b042     0x323f hpl/pio/hpl_pio_ext.o
                             0x11a94e (size before relaxing)
 .debug_str     0x0011e281      0x1d6 hpl/pmc/hpl_pmc.o
                             0x117ecc (size before relaxing)
 .debug_str     0x0011e457       0x98 led_flasher_main.o
                             0x117853 (size before relaxing)

.debug_frame    0x00000000      0x320
 .debug_frame   0x00000000       0x28 atmel_start.o
 .debug_frame   0x00000028       0x38 Device_Startup/startup_same70q21b.o
 .debug_frame   0x00000060       0x38 driver_init.o
 .debug_frame   0x00000098       0x40 hal/src/hal_atomic.o
 .debug_frame   0x000000d8       0xb4 hal/src/hal_ext_irq.o
 .debug_frame   0x0000018c       0x20 hal/utils/src/utils_assert.o
 .debug_frame   0x000001ac       0x2c hpl/core/hpl_init.o
 .debug_frame   0x000001d8       0xa4 hpl/pio/hpl_pio_ext.o
 .debug_frame   0x0000027c       0x20 hpl/pmc/hpl_pmc.o
 .debug_frame   0x0000029c       0x58 led_flasher_main.o
 .debug_frame   0x000002f4       0x2c c:/program files (x86)/atmel/studio/7.0/toolchain/arm/arm-gnu-toolchain/bin/../lib/gcc/arm-none-eabi/6.3.1/../../../../arm-none-eabi/lib/thumb/v7e-m\libc_nano.a(lib_a-init.o)
